Job started on cn20 at Wed Oct  7 21:19:13 IST 2026
Python Path: /scratch/apps/spack/opt/spack/linux-rhel8-zen2/gcc-12.2.0/python-3.11.7-5lq34nvmagne2kk5vrue43h76b5wej7a/bin/python3
cwd $HOME  ->  /iitjhome/m25ph1006/chc_uno_v1  [gpfs]
  size 210.0 TB | used 23.6 TB (11%) | available 186.4 TB
  inodes: 152,866,999 used of 4,294,967,296
$TMPDIR /tmp  ->  /tmp  [ext4]
  size 312.1 GB | used 5.1 GB (2%) | available 291.1 GB
  inodes: 78,853 used of 20,856,832

=== Quota: what you are allowed to use (user m25ph1006) ===

$ /usr/lpp/mmfs/bin/mmlsquota -u m25ph1006 --block-size auto iitjhome
Block Limits                                    |     File Limits
Filesystem type         blocks      quota      limit   in_doubt    grace |    files   quota    limit in_doubt    grace  Remarks
iitjhome   USR          192.7G       200G       200G     293.6M     none |   113223       0        0       80     none

$ /usr/lpp/mmfs/bin/mmlsquota -g pgraduate --block-size auto iitjhome
Disk quotas for group pgraduate (gid 1005):
                         Block Limits                                    |     File Limits
Filesystem type         blocks      quota      limit   in_doubt    grace |    files   quota    limit in_doubt    grace  Remarks
iitjhome   GRP             10T          0          0     6.611G     none | 81045030       0        0     1469     none

$ /usr/lpp/mmfs/bin/mmlsquota -j root --block-size auto iitjhome
Block Limits                                    |     File Limits
Filesystem type         blocks      quota      limit   in_doubt    grace |    files   quota    limit in_doubt    grace  Remarks
iitjhome   FILESET     no limits

$ /usr/lpp/mmfs/bin/mmlsquota -u m25ph1006 --block-size auto iitjhome:root
iitjhome doesn't support <device:fileset> format
mmlsquota: tslsquota  -u m25ph1006 --block-size auto  /dev/iitjhome:root failed. Error code 22.
mmlsquota: Command failed. Examine previous error messages to determine cause.

Quota-related commands visible here: convertquota, edquota, mmcheckquota, mmdefedquota, mmdefquotaoff, mmdefquotaon, mmedquota, mmlsquota, mmquotaoff, mmquotaon, mmrepquota, mmsetquota, quota, quotacheck, quotaoff, quotaon, quotastats, quotasync, repquota, setquota, tscheckquota, tsdefedquota, tsdefquotaoff, tsdefquotaon, tsedquota, tslsquota, tsquotaoff, tsquotaon, tsrepquota, tssetquota, xfs_quota
If none of the above shows a limit, ask your HPC admins or check the site docs.

Job finished at Wed Oct  7 21:19:13 IST 2026
