Job started on gpu2 at Sat Oct  3 14:10:36 IST 2026
Python Path: /iitjhome/m25ph1006/chc_uno_v1/env/bin/python
Python 3.11.7
CUDA Available Devices: 0
PyTorch GPU Available: True
Device Name: NVIDIA A100-SXM4-40GB
======================= PREDICTION (END=1000, T_END=10000) =======================
==============================================================================
 UNO / Cahn-Hilliard -- PREDICTION   2026-10-03 14:10:50
==============================================================================
[setup] NVIDIA A100-SXM4-40GB, 42.4 GB, torch 2.13.0+cu126
[setup] device=cuda precision=fp32 dtype=torch.float32
[setup] label train_t1000_pred_t10000: END = 1000, t = 100 -> 10000, save_every 4
[setup] snapshots [100.0, 2500.0, 5000.0, 10000.0], tune scores at [2500.0, 5000.0, 7500.0, 10000.0]
[gt] prewarm to t = 10000 in Work/gt_cache
[gt] solving 60 ground-truth trajectories at l=128 off=-0.4 to t=10000 (2476 frames, every 4) on cuda:0 NVIDIA A100-SXM4-40GB, 1 batch(es) of <= 128
[gt]   batch 1/1 on cuda:0 NVIDIA A100-SXM4-40GB: 60 seeds [99999, 54321, 77777, 31415, 27182, 61803, 41421, 57721, 66260, 86420, 20264, 22348, 22911, 27614, 27924, 28096, 29935, 31458, 32393, 33052, 33672, 34617, 35064, 35973, 36643, 36963, 39748, 42192, 43125, 48417, 51170, 52066, 54464, 58713, 60079, 63866, 67517, 68620, 70389, 76145, 76214, 77086, 84331, 85507, 88080, 88971, 92280, 94245, 98029, 98895, 31337, 24601, 8675309, 20250, 42424, 90210, 23571, 55555, 48151, 62831], 1,000,000 steps, 726s
[gt]   l=128 off=-0.4 ev=4: 60 trajectories, 60 solved, 0 cached
[gt] solving 60 ground-truth trajectories at l=128 off=-0.2 to t=10000 (2476 frames, every 4) on cuda:0 NVIDIA A100-SXM4-40GB, 1 batch(es) of <= 128
[gt]   batch 1/1 on cuda:0 NVIDIA A100-SXM4-40GB: 60 seeds [99999, 54321, 77777, 31415, 27182, 61803, 41421, 57721, 66260, 86420, 20264, 22348, 22911, 27614, 27924, 28096, 29935, 31458, 32393, 33052, 33672, 34617, 35064, 35973, 36643, 36963, 39748, 42192, 43125, 48417, 51170, 52066, 54464, 58713, 60079, 63866, 67517, 68620, 70389, 76145, 76214, 77086, 84331, 85507, 88080, 88971, 92280, 94245, 98029, 98895, 31337, 24601, 8675309, 20250, 42424, 90210, 23571, 55555, 48151, 62831], 1,000,000 steps, 725s
[gt]   l=128 off=-0.2 ev=4: 60 trajectories, 60 solved, 0 cached
[gt] solving 50 ground-truth trajectories at l=128 off=+0.0 to t=10000 (2476 frames, every 4) on cuda:0 NVIDIA A100-SXM4-40GB, 1 batch(es) of <= 128
[gt]   batch 1/1 on cuda:0 NVIDIA A100-SXM4-40GB: 50 seeds [99999, 54321, 77777, 31415, 27182, 61803, 41421, 57721, 66260, 86420, 20264, 22348, 22911, 27614, 27924, 28096, 29935, 31458, 32393, 33052, 33672, 34617, 35064, 35973, 36643, 36963, 39748, 42192, 43125, 48417, 51170, 52066, 54464, 58713, 60079, 63866, 67517, 68620, 70389, 76145, 76214, 77086, 84331, 85507, 88080, 88971, 92280, 94245, 98029, 98895], 1,000,000 steps, 626s
[gt]   l=128 off=+0.0 ev=4: 60 trajectories, 50 solved, 10 cached
[gt] solving 60 ground-truth trajectories at l=128 off=+0.2 to t=10000 (2476 frames, every 4) on cuda:0 NVIDIA A100-SXM4-40GB, 1 batch(es) of <= 128
[gt]   batch 1/1 on cuda:0 NVIDIA A100-SXM4-40GB: 60 seeds [99999, 54321, 77777, 31415, 27182, 61803, 41421, 57721, 66260, 86420, 20264, 22348, 22911, 27614, 27924, 28096, 29935, 31458, 32393, 33052, 33672, 34617, 35064, 35973, 36643, 36963, 39748, 42192, 43125, 48417, 51170, 52066, 54464, 58713, 60079, 63866, 67517, 68620, 70389, 76145, 76214, 77086, 84331, 85507, 88080, 88971, 92280, 94245, 98029, 98895, 31337, 24601, 8675309, 20250, 42424, 90210, 23571, 55555, 48151, 62831], 1,000,000 steps, 726s
[gt]   l=128 off=+0.2 ev=4: 60 trajectories, 60 solved, 0 cached
[gt] solving 60 ground-truth trajectories at l=128 off=+0.4 to t=10000 (2476 frames, every 4) on cuda:0 NVIDIA A100-SXM4-40GB, 1 batch(es) of <= 128
[gt]   batch 1/1 on cuda:0 NVIDIA A100-SXM4-40GB: 60 seeds [99999, 54321, 77777, 31415, 27182, 61803, 41421, 57721, 66260, 86420, 20264, 22348, 22911, 27614, 27924, 28096, 29935, 31458, 32393, 33052, 33672, 34617, 35064, 35973, 36643, 36963, 39748, 42192, 43125, 48417, 51170, 52066, 54464, 58713, 60079, 63866, 67517, 68620, 70389, 76145, 76214, 77086, 84331, 85507, 88080, 88971, 92280, 94245, 98029, 98895, 31337, 24601, 8675309, 20250, 42424, 90210, 23571, 55555, 48151, 62831], 1,000,000 steps, 725s
[gt]   l=128 off=+0.4 ev=4: 60 trajectories, 60 solved, 0 cached
[gt] solving 50 ground-truth trajectories at l=160 off=+0.0 to t=10000 (2476 frames, every 4) on cuda:0 NVIDIA A100-SXM4-40GB, 1 batch(es) of <= 128
[gt]   batch 1/1 on cuda:0 NVIDIA A100-SXM4-40GB: 50 seeds [99999, 54321, 77777, 31415, 27182, 61803, 41421, 57721, 66260, 86420, 20264, 22348, 22911, 27614, 27924, 28096, 29935, 31458, 32393, 33052, 33672, 34617, 35064, 35973, 36643, 36963, 39748, 42192, 43125, 48417, 51170, 52066, 54464, 58713, 60079, 63866, 67517, 68620, 70389, 76145, 76214, 77086, 84331, 85507, 88080, 88971, 92280, 94245, 98029, 98895], 1,000,000 steps, 940s
[gt]   l=160 off=+0.0 ev=4: 50 trajectories, 50 solved, 0 cached
[gt] solving 50 ground-truth trajectories at l=192 off=+0.0 to t=10000 (2476 frames, every 4) on cuda:0 NVIDIA A100-SXM4-40GB, 1 batch(es) of <= 128
[gt]   batch 1/1 on cuda:0 NVIDIA A100-SXM4-40GB: 50 seeds [99999, 54321, 77777, 31415, 27182, 61803, 41421, 57721, 66260, 86420, 20264, 22348, 22911, 27614, 27924, 28096, 29935, 31458, 32393, 33052, 33672, 34617, 35064, 35973, 36643, 36963, 39748, 42192, 43125, 48417, 51170, 52066, 54464, 58713, 60079, 63866, 67517, 68620, 70389, 76145, 76214, 77086, 84331, 85507, 88080, 88971, 92280, 94245, 98029, 98895], 1,000,000 steps, 1293s
[gt]   l=192 off=+0.0 ev=4: 50 trajectories, 50 solved, 0 cached
[gt] solving 50 ground-truth trajectories at l=256 off=+0.0 to t=10000 (2476 frames, every 4) on cuda:0 NVIDIA A100-SXM4-40GB, 1 batch(es) of <= 128
[gt]   batch 1/1 on cuda:0 NVIDIA A100-SXM4-40GB: 50 seeds [99999, 54321, 77777, 31415, 27182, 61803, 41421, 57721, 66260, 86420, 20264, 22348, 22911, 27614, 27924, 28096, 29935, 31458, 32393, 33052, 33672, 34617, 35064, 35973, 36643, 36963, 39748, 42192, 43125, 48417, 51170, 52066, 54464, 58713, 60079, 63866, 67517, 68620, 70389, 76145, 76214, 77086, 84331, 85507, 88080, 88971, 92280, 94245, 98029, 98895], 1,000,000 steps, 2146s
[gt]   l=256 off=+0.0 ev=4: 50 trajectories, 50 solved, 0 cached
[gt] 450 trajectories ready (440 solved now) in 7906s
[model] Work/models/train_t1000/uno_ch_best.pt  17,901,252 parameters  arch={'width': 40, 'modes': 20, 'n_ref': 64, 'levels': 3, 'cond_dim': 64, 'conserve_mass': True}
[model] training metrics: {'rollout': 0.5864461885690689, 'survives': 424.0, 'per_seed': [448.0, 368.0, 368.0, 448.0, 408.0, 408.0, 448.0, 488.0, 408.0, 448.0], 'epoch': 12, 'val1': 0.0015364687296697513}
[model] training data ends at t = 1000.0 (checkpoint)
[eval] offs=[-0.4, -0.2, 0.0, 0.2, 0.4]  50 test seeds=[99999, 54321, 77777, 31415, 27182, 61803, 41421, 57721, 66260, 86420, 20264, 22348, 22911, 27614, 27924, 28096, 29935, 31458, 32393, 33052, 33672, 34617, 35064, 35973, 36643, 36963, 39748, 42192, 43125, 48417, 51170, 52066, 54464, 58713, 60079, 63866, 67517, 68620, 70389, 76145, 76214, 77086, 84331, 85507, 88080, 88971, 92280, 94245, 98029, 98895]
[rollout] cache Work/rollout_cache/train_t1000_pred_t10000  checkpoint c41053c84328

[tuning] stride schedule for psi0 = -0.4 on 10 validation seed(s) [31337, 24601, 8675309, 20250, 42424, 90210, 23571, 55555, 48151, 62831] (held out of the reported test set)
[tuning] score = mean R2 at t = 2500, 5000, 7500, 10000; a fixed grid, so schedules of different length stay comparable
    alpha  dt_max  steps     score  R2(2500)  R2(5000)  R2(7500) R2(10000)
    0.100    30.0    318    0.3859    0.6480    0.4747    0.2930    0.1281
    0.100    40.0    258    0.4009    0.6488    0.4828    0.3150    0.1570
    0.100    45.0    237    0.4042    0.6472    0.4836    0.3191    0.1668
    0.100    50.0    218    0.4086    0.6454    0.4845    0.3264    0.1782
    0.200    30.0    313    0.3887    0.6493    0.4808    0.2978    0.1269
    0.200    40.0    252    0.4009    0.6518    0.4889    0.3142    0.1488
    0.200    45.0    229    0.4036    0.6508    0.4893    0.3172    0.1570
    0.200    50.0    211    0.4089    0.6496    0.4905    0.3223    0.1731
    0.350    30.0    312    0.3900    0.6513    0.4863    0.2975    0.1248
    0.350    40.0    251    0.3999    0.6479    0.4892    0.3154    0.1472
    0.350    45.0    229    0.4025    0.6458    0.4876    0.3189    0.1579
    0.350    50.0    210    0.4082    0.6464    0.4927    0.3264    0.1674
    0.500    30.0    312    0.3900    0.6513    0.4863    0.2975    0.1248
    0.500    40.0    249    0.3999    0.6476    0.4893    0.3153    0.1472
    0.500    45.0    228    0.4019    0.6459    0.4887    0.3185    0.1547
    0.500    50.0    209    0.4057    0.6438    0.4917    0.3255    0.1619
    0.700    30.0    312    0.3900    0.6513    0.4863    0.2975    0.1248
    0.700    40.0    249    0.3999    0.6476    0.4893    0.3153    0.1472
    0.700    45.0    228    0.4019    0.6459    0.4887    0.3185    0.1547
    0.700    50.0    209    0.4057    0.6438    0.4917    0.3255    0.1619
  best: alpha=0.2, dt_max=50 (211 steps) -> score 0.4089
  [warn] dt_max sits at the top of the grid. Longer strides keep winning because they compound the per-step bias fewer times; do not widen the grid beyond the dt_max the model trained on or the step itself becomes an extrapolation.
[schedule] psi0 = -0.4: alpha = 0.2, dt_max = 50  (tuned on 10 validation seeds)
[rollout] psi0m0.40: l=128 psi0=-0.4, 50 seeds, schedule psi0 = -0.4
[rollout] psi0m0.40: 10/50 seeds (210 steps each)
[rollout] psi0m0.40: 20/50 seeds (210 steps each)
[rollout] psi0m0.40: 30/50 seeds (210 steps each)
[rollout] psi0m0.40: 40/50 seeds (210 steps each)
[rollout] psi0m0.40: 50/50 seeds (210 steps each)

[tuning] stride schedule for psi0 = -0.2 on 10 validation seed(s) [31337, 24601, 8675309, 20250, 42424, 90210, 23571, 55555, 48151, 62831] (held out of the reported test set)
[tuning] score = mean R2 at t = 2500, 5000, 7500, 10000; a fixed grid, so schedules of different length stay comparable
    alpha  dt_max  steps     score  R2(2500)  R2(5000)  R2(7500) R2(10000)
    0.100    30.0    318    0.3960    0.6704    0.4659    0.2828    0.1649
    0.100    40.0    258    0.4223    0.6674    0.4768    0.3179    0.2269
    0.100    45.0    237    0.4285    0.6654    0.4774    0.3260    0.2454
    0.100    50.0    218    0.4435    0.6647    0.4862    0.3469    0.2761
    0.200    30.0    313    0.4009    0.6676    0.4628    0.2901    0.1833
    0.200    40.0    252    0.4272    0.6673    0.4762    0.3245    0.2407
    0.200    45.0    229    0.4326    0.6650    0.4781    0.3345    0.2527
    0.200    50.0    211    0.4523    0.6658    0.4939    0.3617    0.2880
    0.350    30.0    312    0.4016    0.6674    0.4631    0.2917    0.1844
    0.350    40.0    251    0.4280    0.6671    0.4760    0.3270    0.2421
    0.350    45.0    229    0.4265    0.6545    0.4733    0.3339    0.2444
    0.350    50.0    210    0.4405    0.6522    0.4856    0.3538    0.2707
    0.500    30.0    312    0.4016    0.6674    0.4631    0.2917    0.1844
    0.500    40.0    249    0.4213    0.6565    0.4711    0.3247    0.2328
    0.500    45.0    228    0.4264    0.6538    0.4735    0.3340    0.2442
    0.500    50.0    209    0.4371    0.6508    0.4829    0.3482    0.2666
    0.700    30.0    312    0.4016    0.6674    0.4631    0.2917    0.1844
    0.700    40.0    249    0.4213    0.6565    0.4711    0.3247    0.2328
    0.700    45.0    228    0.4264    0.6538    0.4735    0.3340    0.2442
    0.700    50.0    209    0.4371    0.6508    0.4829    0.3482    0.2666
  best: alpha=0.2, dt_max=50 (211 steps) -> score 0.4523
  [warn] dt_max sits at the top of the grid. Longer strides keep winning because they compound the per-step bias fewer times; do not widen the grid beyond the dt_max the model trained on or the step itself becomes an extrapolation.
[schedule] psi0 = -0.2: alpha = 0.2, dt_max = 50  (tuned on 10 validation seeds)
[rollout] psi0m0.20: l=128 psi0=-0.2, 50 seeds, schedule psi0 = -0.2
[rollout] psi0m0.20: 10/50 seeds (210 steps each)
[rollout] psi0m0.20: 20/50 seeds (210 steps each)
[rollout] psi0m0.20: 30/50 seeds (210 steps each)
[rollout] psi0m0.20: 40/50 seeds (210 steps each)
[rollout] psi0m0.20: 50/50 seeds (210 steps each)

[tuning] stride schedule for psi0 = +0.0 on 10 validation seed(s) [31337, 24601, 8675309, 20250, 42424, 90210, 23571, 55555, 48151, 62831] (held out of the reported test set)
[tuning] score = mean R2 at t = 2500, 5000, 7500, 10000; a fixed grid, so schedules of different length stay comparable
    alpha  dt_max  steps     score  R2(2500)  R2(5000)  R2(7500) R2(10000)
    0.100    30.0    318    0.5438    0.6467    0.5479    0.4974    0.4831
    0.100    40.0    258    0.5662    0.6449    0.5691    0.5290    0.5217
    0.100    45.0    237    0.5671    0.6423    0.5706    0.5314    0.5242
    0.100    50.0    218    0.5726    0.6404    0.5761    0.5397    0.5343
    0.200    30.0    313    0.5317    0.6351    0.5326    0.4875    0.4714
    0.200    40.0    252    0.5546    0.6337    0.5547    0.5193    0.5107
    0.200    45.0    229    0.5564    0.6317    0.5571    0.5225    0.5143
    0.200    50.0    211    0.5622    0.6296    0.5632    0.5311    0.5248
    0.350    30.0    312    0.5317    0.6346    0.5328    0.4877    0.4715
    0.350    40.0    251    0.5547    0.6330    0.5550    0.5198    0.5112
    0.350    45.0    229    0.5563    0.6308    0.5572    0.5227    0.5145
    0.350    50.0    210    0.5619    0.6285    0.5632    0.5310    0.5248
    0.500    30.0    312    0.5317    0.6346    0.5328    0.4877    0.4715
    0.500    40.0    249    0.5550    0.6331    0.5553    0.5200    0.5115
    0.500    45.0    228    0.5564    0.6307    0.5573    0.5228    0.5146
    0.500    50.0    209    0.5621    0.6280    0.5636    0.5314    0.5254
    0.700    30.0    312    0.5317    0.6346    0.5328    0.4877    0.4715
    0.700    40.0    249    0.5550    0.6331    0.5553    0.5200    0.5115
    0.700    45.0    228    0.5564    0.6307    0.5573    0.5228    0.5146
    0.700    50.0    209    0.5621    0.6280    0.5636    0.5314    0.5254
  best: alpha=0.1, dt_max=50 (218 steps) -> score 0.5726
  [warn] dt_max sits at the top of the grid. Longer strides keep winning because they compound the per-step bias fewer times; do not widen the grid beyond the dt_max the model trained on or the step itself becomes an extrapolation.
  [warn] alpha sits at the bottom of the grid
[schedule] psi0 = +0.0: alpha = 0.1, dt_max = 50  (tuned on 10 validation seeds)
[rollout] psi0p0.00: l=128 psi0=+0.0, 50 seeds, schedule psi0 = +0.0
[rollout] psi0p0.00: 10/50 seeds (218 steps each)
[rollout] psi0p0.00: 20/50 seeds (218 steps each)
[rollout] psi0p0.00: 30/50 seeds (218 steps each)
[rollout] psi0p0.00: 40/50 seeds (218 steps each)
[rollout] psi0p0.00: 50/50 seeds (218 steps each)

[tuning] stride schedule for psi0 = +0.2 on 10 validation seed(s) [31337, 24601, 8675309, 20250, 42424, 90210, 23571, 55555, 48151, 62831] (held out of the reported test set)
[tuning] score = mean R2 at t = 2500, 5000, 7500, 10000; a fixed grid, so schedules of different length stay comparable
    alpha  dt_max  steps     score  R2(2500)  R2(5000)  R2(7500) R2(10000)
    0.100    30.0    318    0.2282    0.6285    0.3484    0.0491   -0.1133
    0.100    40.0    258    0.2486    0.6276    0.3627    0.0788   -0.0748
    0.100    45.0    237    0.2539    0.6257    0.3670    0.0845   -0.0616
    0.100    50.0    218    0.2625    0.6243    0.3738    0.0979   -0.0460
    0.200    30.0    313    0.2201    0.6206    0.3306    0.0450   -0.1159
    0.200    40.0    252    0.2380    0.6177    0.3482    0.0684   -0.0822
    0.200    45.0    229    0.2445    0.6153    0.3519    0.0784   -0.0678
    0.200    50.0    211    0.2670    0.6155    0.3686    0.1079   -0.0242
    0.350    30.0    312    0.2168    0.6161    0.3219    0.0426   -0.1133
    0.350    40.0    251    0.2520    0.6129    0.3502    0.0910   -0.0462
    0.350    45.0    229    0.2574    0.6105    0.3537    0.0994   -0.0340
    0.350    50.0    210    0.2658    0.6095    0.3585    0.1117   -0.0166
    0.500    30.0    312    0.2168    0.6161    0.3219    0.0426   -0.1133
    0.500    40.0    249    0.2523    0.6126    0.3506    0.0911   -0.0450
    0.500    45.0    228    0.2707    0.6259    0.3713    0.1089   -0.0233
    0.500    50.0    209    0.2881    0.6307    0.3877    0.1327    0.0014
    0.700    30.0    312    0.2168    0.6161    0.3219    0.0426   -0.1133
    0.700    40.0    249    0.2523    0.6126    0.3506    0.0911   -0.0450
    0.700    45.0    228    0.2707    0.6259    0.3713    0.1089   -0.0233
    0.700    50.0    209    0.2881    0.6307    0.3877    0.1327    0.0014
  best: alpha=0.5, dt_max=50 (209 steps) -> score 0.2881
  [warn] dt_max sits at the top of the grid. Longer strides keep winning because they compound the per-step bias fewer times; do not widen the grid beyond the dt_max the model trained on or the step itself becomes an extrapolation.
[schedule] psi0 = +0.2: alpha = 0.5, dt_max = 50  (tuned on 10 validation seeds)
[rollout] psi0p0.20: l=128 psi0=+0.2, 50 seeds, schedule psi0 = +0.2
[rollout] psi0p0.20: 10/50 seeds (208 steps each)
[rollout] psi0p0.20: 20/50 seeds (208 steps each)
[rollout] psi0p0.20: 30/50 seeds (208 steps each)
[rollout] psi0p0.20: 40/50 seeds (208 steps each)
[rollout] psi0p0.20: 50/50 seeds (208 steps each)

[tuning] stride schedule for psi0 = +0.4 on 10 validation seed(s) [31337, 24601, 8675309, 20250, 42424, 90210, 23571, 55555, 48151, 62831] (held out of the reported test set)
[tuning] score = mean R2 at t = 2500, 5000, 7500, 10000; a fixed grid, so schedules of different length stay comparable
    alpha  dt_max  steps     score  R2(2500)  R2(5000)  R2(7500) R2(10000)
    0.100    30.0    318    0.2730    0.6809    0.3500    0.1379   -0.0768
    0.100    40.0    258    0.2681    0.6757    0.3432    0.1187   -0.0652
    0.100    45.0    237    0.2756    0.6743    0.3451    0.1277   -0.0448
    0.100    50.0    218    0.2825    0.6734    0.3529    0.1366   -0.0328
    0.200    30.0    313    0.2489    0.6741    0.3264    0.0955   -0.1006
    0.200    40.0    252    0.2615    0.6731    0.3323    0.1103   -0.0699
    0.200    45.0    229    0.2677    0.6717    0.3354    0.1151   -0.0512
    0.200    50.0    211    0.2690    0.6677    0.3354    0.1177   -0.0447
    0.350    30.0    312    0.2451    0.6724    0.3239    0.0939   -0.1097
    0.350    40.0    251    0.2582    0.6711    0.3282    0.1066   -0.0731
    0.350    45.0    229    0.2705    0.6669    0.3311    0.1172   -0.0332
    0.350    50.0    210    0.2637    0.6592    0.3206    0.1066   -0.0317
    0.500    30.0    312    0.2451    0.6724    0.3239    0.0939   -0.1097
    0.500    40.0    249    0.2578    0.6700    0.3271    0.1063   -0.0724
    0.500    45.0    228    0.2624    0.6630    0.3227    0.1080   -0.0443
    0.500    50.0    209    0.2597    0.6579    0.3178    0.1033   -0.0404
    0.700    30.0    312    0.2451    0.6724    0.3239    0.0939   -0.1097
    0.700    40.0    249    0.2578    0.6700    0.3271    0.1063   -0.0724
    0.700    45.0    228    0.2624    0.6630    0.3227    0.1080   -0.0443
    0.700    50.0    209    0.2597    0.6579    0.3178    0.1033   -0.0404
  best: alpha=0.1, dt_max=50 (218 steps) -> score 0.2825
  [warn] dt_max sits at the top of the grid. Longer strides keep winning because they compound the per-step bias fewer times; do not widen the grid beyond the dt_max the model trained on or the step itself becomes an extrapolation.
  [warn] alpha sits at the bottom of the grid
[schedule] psi0 = +0.4: alpha = 0.1, dt_max = 50  (tuned on 10 validation seeds)
[rollout] psi0p0.40: l=128 psi0=+0.4, 50 seeds, schedule psi0 = +0.4
[rollout] psi0p0.40: 10/50 seeds (218 steps each)
[rollout] psi0p0.40: 20/50 seeds (218 steps each)
[rollout] psi0p0.40: 30/50 seeds (218 steps each)
[rollout] psi0p0.40: 40/50 seeds (218 steps each)
[rollout] psi0p0.40: 50/50 seeds (218 steps each)
[rollout] l160: l=160 psi0=+0.0, 50 seeds, schedule psi0 = +0.0
[rollout] l160: 6/50 seeds (218 steps each)
[rollout] l160: 12/50 seeds (218 steps each)
[rollout] l160: 18/50 seeds (218 steps each)
[rollout] l160: 24/50 seeds (218 steps each)
[rollout] l160: 30/50 seeds (218 steps each)
[rollout] l160: 36/50 seeds (218 steps each)
[rollout] l160: 42/50 seeds (218 steps each)
[rollout] l160: 48/50 seeds (218 steps each)
[rollout] l160: 50/50 seeds (218 steps each)
[rollout] l192: l=192 psi0=+0.0, 50 seeds, schedule psi0 = +0.0
[rollout] l192: 4/50 seeds (218 steps each)
[rollout] l192: 8/50 seeds (218 steps each)
[rollout] l192: 12/50 seeds (218 steps each)
[rollout] l192: 16/50 seeds (218 steps each)
[rollout] l192: 20/50 seeds (218 steps each)
[rollout] l192: 24/50 seeds (218 steps each)
[rollout] l192: 28/50 seeds (218 steps each)
[rollout] l192: 32/50 seeds (218 steps each)
[rollout] l192: 36/50 seeds (218 steps each)
[rollout] l192: 40/50 seeds (218 steps each)
[rollout] l192: 44/50 seeds (218 steps each)
[rollout] l192: 48/50 seeds (218 steps each)
[rollout] l192: 50/50 seeds (218 steps each)
[rollout] l256: l=256 psi0=+0.0, 50 seeds, schedule psi0 = +0.0
[rollout] l256: 2/50 seeds (218 steps each)
[rollout] l256: 4/50 seeds (218 steps each)
[rollout] l256: 6/50 seeds (218 steps each)
[rollout] l256: 8/50 seeds (218 steps each)
[rollout] l256: 10/50 seeds (218 steps each)
[rollout] l256: 12/50 seeds (218 steps each)
[rollout] l256: 14/50 seeds (218 steps each)
[rollout] l256: 16/50 seeds (218 steps each)
[rollout] l256: 18/50 seeds (218 steps each)
[rollout] l256: 20/50 seeds (218 steps each)
[rollout] l256: 22/50 seeds (218 steps each)
[rollout] l256: 24/50 seeds (218 steps each)
[rollout] l256: 26/50 seeds (218 steps each)
[rollout] l256: 28/50 seeds (218 steps each)
[rollout] l256: 30/50 seeds (218 steps each)
[rollout] l256: 32/50 seeds (218 steps each)
[rollout] l256: 34/50 seeds (218 steps each)
[rollout] l256: 36/50 seeds (218 steps each)
[rollout] l256: 38/50 seeds (218 steps each)
[rollout] l256: 40/50 seeds (218 steps each)
[rollout] l256: 42/50 seeds (218 steps each)
[rollout] l256: 44/50 seeds (218 steps each)
[rollout] l256: 46/50 seeds (218 steps each)
[rollout] l256: 48/50 seeds (218 steps each)
[rollout] l256: 50/50 seeds (218 steps each)

[summary] train_t1000_pred_t10000: l = 128 (+ boxes), t = 100 -> 10000
        case  alpha  dt_max  steps            mean R2           final R2     R2 >= thr to t n never   n_pred
   psi0m0.40   0.20    50.0    210    0.4982 +-0.1172    0.1710 +-0.2646         597 +-159    0/50    0.3650
   psi0m0.20   0.20    50.0    210    0.4631 +-0.1390    0.1236 +-0.2468         420 +-85     0/50    0.4264
   psi0p0.00   0.10    50.0    218    0.6063 +-0.1034    0.5034 +-0.2125         525 +-107    0/50    0.4651
   psi0p0.20   0.50    50.0    208    0.4582 +-0.1410    0.1433 +-0.2517         401 +-84     0/50    0.4260
   psi0p0.40   0.10    50.0    218    0.4953 +-0.0979    0.1387 +-0.2276         689 +-232    0/50    0.3980
        l160   0.10    50.0    218    0.5950 +-0.0973    0.4401 +-0.1747         503 +-78     0/50    0.4912
        l192   0.10    50.0    218    0.5663 +-0.0932    0.4047 +-0.1641         507 +-61     0/50    0.5140
        l256   0.10    50.0    218    0.5540 +-0.0633    0.3697 +-0.1260         493 +-44     0/50    0.5348
  best psi0p0.00 (mean R2 0.6063), worst psi0p0.20 (mean R2 0.4582)
[diagnostic] reference trajectory gt_l128_off+0.0_seed31337_t100-10000_ev4.npz

[diagnostic] 64 -> 128 TRANSFER
  tile invariance |model(tile) - tile(model)| = 1.524e-07   PASS
  one-step R^2 at l=128 (training only ever saw t <= 999)
         t0     dt     UNO R2  persistence      gain
        100    4.0    0.99953      0.99721  +0.00232
        100   20.0    0.98878      0.94469  +0.04409
        100   40.0    0.96572      0.83902  +0.12669
       1000    4.0    0.99999      0.99997  +0.00003   <- extrapolated in t
       1000   20.0    0.99984      0.99920  +0.00064   <- extrapolated in t
       1000   40.0    0.99932      0.99686  +0.00247   <- extrapolated in t
       1900    4.0    1.00000      0.99999  +0.00001   <- extrapolated in t
       1900   20.0    0.99992      0.99965  +0.00027   <- extrapolated in t
       1900   40.0    0.99968      0.99861  +0.00107   <- extrapolated in t
       2731    4.0    1.00000      0.99999  +0.00001   <- extrapolated in t
       2731   20.0    0.99996      0.99981  +0.00014   <- extrapolated in t
       2731   40.0    0.99982      0.99926  +0.00056   <- extrapolated in t
       3730    8.0    1.00000      0.99999  +0.00001   <- extrapolated in t
       3730   20.0    0.99998      0.99992  +0.00006   <- extrapolated in t
       3730   40.0    0.99991      0.99968  +0.00023   <- extrapolated in t
       5094    8.0    1.00000      0.99999  +0.00000   <- extrapolated in t
       5094   20.0    0.99998      0.99996  +0.00003   <- extrapolated in t
       5094   40.0    0.99994      0.99982  +0.00012   <- extrapolated in t
       6956    4.0    1.00000      1.00000  +0.00000   <- extrapolated in t
       6956   20.0    0.99999      0.99996  +0.00003   <- extrapolated in t
       6956   40.0    0.99995      0.99983  +0.00012   <- extrapolated in t
       9500    4.0    1.00000      1.00000  +0.00000   <- extrapolated in t
       9500   20.0    0.99999      0.99998  +0.00001   <- extrapolated in t
       9500   40.0    0.99998      0.99992  +0.00005   <- extrapolated in t

[diagnostic] INTRINSIC PREDICTABILITY (exact solver)
   rel. perturb   R2(t=2500)   R2(t=5000)  R2(t=10000)
        1.0e-04      1.00000      1.00000      1.00000
        1.0e-03      1.00000      1.00000      1.00000
        1.0e-02      0.99998      0.99999      0.99999

[diagnostic] PER-STEP COARSENING BIAS (continuous 'moment' estimator)
  training data ends at t = 1000 (checkpoint)
        t    dt   L_truth   dL_truth   dL_model   bias %  in train range
      100    20     13.95     0.8093     0.4936    -39.0  yes
      150    20     15.67     0.5438     0.3319    -39.0  yes
      200    20     16.95     0.4068     0.2491    -38.8  yes
      300    20     18.76     0.3146     0.1923    -38.9  yes
      400    20     20.24     0.2784     0.1675    -39.8  yes
      600    20     22.94     0.2594     0.1550    -40.2  yes
      800    20     25.19     0.2019     0.1200    -40.6  yes
     1100    20     27.74     0.1484     0.0806    -45.7  NO -- extrapolated
     1400    20     29.98     0.1612     0.0871    -46.0  NO -- extrapolated
     1700    20     32.02     0.1125     0.0512    -54.5  NO -- extrapolated
     1900    20     33.14     0.1120     0.0494    -55.9  NO -- extrapolated
     2731    28     37.14     0.0989     0.0359    -63.7  NO -- extrapolated
     3730    40     39.84     0.0806     0.0289    -64.2  NO -- extrapolated
     5094    52     42.07     0.0780     0.0267    -65.8  NO -- extrapolated
     6956    48     45.06     0.0776     0.0386    -50.3  NO -- extrapolated
     9500    48     48.26     0.0385     0.0027    -93.1  NO -- extrapolated
  mean bias inside  training range (7 pts): -39.5 %
  mean bias outside training range (9 pts): -59.9 %

[diagnostic] SPEEDUP vs the explicit solver
  solver: 990,000 explicit steps of dt=0.01 -> 225.5s per trajectory (one at a time, measured on 2000 steps)
  UNO:    218 autoregressive steps -> 2.287s per trajectory (one at a time)
                                      0.731s per trajectory (amortised over a batch of 10)
  speedup 99x like-for-like, 309x batched (4541x fewer steps)
  quote the like-for-like number: the solver probe is unbatched too. Both compare against the explicit dt=0.01 scheme, not a semi-implicit spectral solver, which would need far fewer steps.

[results] wrote Work/predict/train_t1000_pred_t10000/results.json

[draw] train_t1000_pred_t10000 -> Results/train_t1000_pred_t10000
[draw]   psi0m0.40: R2(10000) = 0.1710 +- 0.2646, best seed 31458
[draw]   psi0m0.20: R2(10000) = 0.1236 +- 0.2468, best seed 68620
[draw]   psi0p0.00: R2(10000) = 0.5034 +- 0.2125, best seed 58713
[draw]   psi0p0.20: R2(10000) = 0.1433 +- 0.2517, best seed 29935
[draw]   psi0p0.40: R2(10000) = 0.1387 +- 0.2276, best seed 99999
[draw]   l160: R2(10000) = 0.4401 +- 0.1747, best seed 84331
[draw]   l192: R2(10000) = 0.4047 +- 0.1641, best seed 51170
[draw]   l256: R2(10000) = 0.3697 +- 0.1260, best seed 63866
[draw] comparison.png: 3 runs
[draw] done: 1 run folder(s) drawn, README.md lists 3 run(s) in Results/

[done] total 10418.5s | 17,901,252 parameters | report -> Results/train_t1000_pred_t10000

======================= RESULTS =======================
[draw] train_t0300_pred_t02000 -> Results/train_t0300_pred_t02000
[draw]   psi0m0.40: R2(2000) = 0.7759 +- 0.0885, best seed 39748
[draw]   psi0m0.20: R2(2000) = 0.7659 +- 0.1002, best seed 27924
[draw]   psi0p0.00: R2(2000) = 0.7884 +- 0.0969, best seed 48417
[draw]   psi0p0.20: R2(2000) = 0.7593 +- 0.1109, best seed 22911
[draw]   psi0p0.40: R2(2000) = 0.7740 +- 0.0759, best seed 20264
[draw]   l160: R2(2000) = 0.7838 +- 0.0696, best seed 94245
[draw]   l192: R2(2000) = 0.7586 +- 0.0715, best seed 29935
[draw]   l256: R2(2000) = 0.7525 +- 0.0448, best seed 29935
[draw] train_t0500_pred_t02000 -> Results/train_t0500_pred_t02000
[draw]   psi0m0.40: R2(2000) = 0.7945 +- 0.0714, best seed 28096
[draw]   psi0m0.20: R2(2000) = 0.7575 +- 0.0934, best seed 27924
[draw]   psi0p0.00: R2(2000) = 0.7704 +- 0.0991, best seed 48417
[draw]   psi0p0.20: R2(2000) = 0.7412 +- 0.1138, best seed 29935
[draw]   psi0p0.40: R2(2000) = 0.7743 +- 0.0762, best seed 76214
[draw]   l160: R2(2000) = 0.7569 +- 0.0726, best seed 94245
[draw]   l192: R2(2000) = 0.7326 +- 0.0770, best seed 84331
[draw]   l256: R2(2000) = 0.7296 +- 0.0471, best seed 29935
[draw] train_t1000_pred_t10000 -> Results/train_t1000_pred_t10000
[draw]   psi0m0.40: R2(10000) = 0.1710 +- 0.2646, best seed 31458
[draw]   psi0m0.20: R2(10000) = 0.1236 +- 0.2468, best seed 68620
[draw]   psi0p0.00: R2(10000) = 0.5034 +- 0.2125, best seed 58713
[draw]   psi0p0.20: R2(10000) = 0.1433 +- 0.2517, best seed 29935
[draw]   psi0p0.40: R2(10000) = 0.1387 +- 0.2276, best seed 99999
[draw]   l160: R2(10000) = 0.4401 +- 0.1747, best seed 84331
[draw]   l192: R2(10000) = 0.4047 +- 0.1641, best seed 51170
[draw]   l256: R2(10000) = 0.3697 +- 0.1260, best seed 63866
[draw] comparison.png: 3 runs
[draw] done: 3 run folder(s) drawn, README.md lists 3 run(s) in Results/

Job finished at Sat Oct  3 17:06:58 IST 2026
