Job started on gpu1 at Tue Oct  6 20:55:31 IST 2026
Python Path: /iitjhome/m25ph1006/chc_uno_v1/env/bin/python
Python 3.11.7
CUDA Available Devices: 0
PyTorch GPU Available: True
Device Name: NVIDIA A100-SXM4-40GB
======================= PREDICTION (END=300, T_END=10000) =======================
==============================================================================
 UNO / Cahn-Hilliard -- PREDICTION   2026-10-06 20:55:37
==============================================================================
[setup] NVIDIA A100-SXM4-40GB, 42.4 GB, torch 2.13.0+cu126
[setup] device=cuda precision=fp32 dtype=torch.float32
[setup] label train_t0300_pred_t10000: END = 300, t = 100 -> 10000, save_every 4
[setup] snapshots main [100.0, 500.0, 1000.0, 2000.0], long [2000.0, 4000.0, 6000.0, 8000.0, 10000.0], tune scores at [2500.0, 5000.0, 7500.0, 10000.0]
[gt] prewarm to t = 10000 in Work/gt_cache
[gt]   l=128 off=-0.4 ev=4: 60 trajectories, 0 solved, 60 cached
[gt]   l=128 off=-0.2 ev=4: 60 trajectories, 0 solved, 60 cached
[gt]   l=128 off=+0.0 ev=4: 60 trajectories, 0 solved, 60 cached
[gt]   l=128 off=+0.2 ev=4: 60 trajectories, 0 solved, 60 cached
[gt]   l=128 off=+0.4 ev=4: 60 trajectories, 0 solved, 60 cached
[gt]   l=160 off=+0.0 ev=4: 50 trajectories, 0 solved, 50 cached
[gt]   l=192 off=+0.0 ev=4: 50 trajectories, 0 solved, 50 cached
[gt]   l=256 off=+0.0 ev=4: 50 trajectories, 0 solved, 50 cached
[gt] 450 trajectories ready (0 solved now) in 0s
[model] Work/models/train_t0300/uno_ch_best.pt  17,901,252 parameters  arch={'width': 40, 'modes': 20, 'n_ref': 64, 'levels': 3, 'cond_dim': 64, 'conserve_mass': True}
[model] training metrics: {'select': 'survival', 'survives': 2731.2223289326735, 'per_seed': [1032.4964675858203, 1579.154041918594, 1302.4689111747848, 3608.2181972548456, 2481.3478472391143, 1015.867649748658, 1332.1812152792727, 10000.0, 3370.727540278458, 1589.7614188471862], 'r2_in_range': 0.9461428203753063, 'in_range_t1': 600.0, 'rollout': 0.6938897235155106, 'epoch': 14, 'val1': 0.002805111923054129}
[model] training data ends at t = 300.0 (checkpoint)
[eval] offs=[-0.4, -0.2, 0.0, 0.2, 0.4]  50 test seeds=[99999, 54321, 77777, 31415, 27182, 61803, 41421, 57721, 66260, 86420, 20264, 22348, 22911, 27614, 27924, 28096, 29935, 31458, 32393, 33052, 33672, 34617, 35064, 35973, 36643, 36963, 39748, 42192, 43125, 48417, 51170, 52066, 54464, 58713, 60079, 63866, 67517, 68620, 70389, 76145, 76214, 77086, 84331, 85507, 88080, 88971, 92280, 94245, 98029, 98895]
[rollout] cache Work/rollout_cache/train_t0300_pred_t10000  checkpoint ccecc0f076d7

[tuning] stride schedule for psi0 = -0.4 on 10 validation seed(s) [31337, 24601, 8675309, 20250, 42424, 90210, 23571, 55555, 48151, 62831] (held out of the reported test set)
[tuning] score = mean R2 at t = 2500, 5000, 7500, 10000; a fixed grid, so schedules of different length stay comparable
    alpha  dt_max  steps     score  R2(2500)  R2(5000)  R2(7500) R2(10000)
    0.100    30.0    323    0.4034    0.6449    0.4430    0.3129    0.2126
    0.100    40.0    264    0.4076    0.6502    0.4564    0.3218    0.2019
    0.100    45.0    243    0.4099    0.6514    0.4607    0.3238    0.2036
    0.100    50.0    224    0.4098    0.6512    0.4618    0.3224    0.2038
    0.200    30.0    319    0.4075    0.6409    0.4446    0.3134    0.2312
    0.200    40.0    258    0.4150    0.6452    0.4575    0.3305    0.2267
    0.200    45.0    235    0.4213    0.6496    0.4638    0.3384    0.2333
    0.200    50.0    217    0.4264    0.6539    0.4647    0.3467    0.2404
    0.350    30.0    318    0.4079    0.6388    0.4469    0.3151    0.2308
    0.350    40.0    257    0.4169    0.6435    0.4611    0.3308    0.2322
    0.350    45.0    235    0.4280    0.6486    0.4712    0.3423    0.2497
    0.350    50.0    215    0.4265    0.6480    0.4712    0.3462    0.2404
    0.500    30.0    318    0.4079    0.6388    0.4469    0.3151    0.2308
    0.500    40.0    254    0.4144    0.6418    0.4583    0.3285    0.2288
    0.500    45.0    234    0.4155    0.6427    0.4632    0.3271    0.2291
    0.500    50.0    215    0.4150    0.6390    0.4649    0.3305    0.2254
    0.700    30.0    318    0.4079    0.6388    0.4469    0.3151    0.2308
    0.700    40.0    254    0.4144    0.6418    0.4583    0.3285    0.2288
    0.700    45.0    234    0.4155    0.6427    0.4632    0.3271    0.2291
    0.700    50.0    215    0.4150    0.6390    0.4649    0.3305    0.2254
  best: alpha=0.35, dt_max=45 (235 steps) -> score 0.4280
[schedule] psi0 = -0.4: alpha = 0.35, dt_max = 45  (tuned on 10 validation seeds)
[rollout] psi0m0.40: l=128 psi0=-0.4, 50 seeds, schedule psi0 = -0.4
[rollout] psi0m0.40: 10/50 seeds (232 steps each)
[rollout] psi0m0.40: 20/50 seeds (232 steps each)
[rollout] psi0m0.40: 30/50 seeds (232 steps each)
[rollout] psi0m0.40: 40/50 seeds (232 steps each)
[rollout] psi0m0.40: 50/50 seeds (232 steps each)

[tuning] stride schedule for psi0 = -0.2 on 10 validation seed(s) [31337, 24601, 8675309, 20250, 42424, 90210, 23571, 55555, 48151, 62831] (held out of the reported test set)
[tuning] score = mean R2 at t = 2500, 5000, 7500, 10000; a fixed grid, so schedules of different length stay comparable
    alpha  dt_max  steps     score  R2(2500)  R2(5000)  R2(7500) R2(10000)
    0.100    30.0    323    0.4393    0.7227    0.4984    0.3151    0.2208
    0.100    40.0    264    0.4366    0.7268    0.4977    0.3043    0.2175
    0.100    45.0    243    0.4341    0.7278    0.4984    0.2924    0.2176
    0.100    50.0    224    0.4331    0.7286    0.4966    0.2854    0.2219
    0.200    30.0    319    0.4285    0.7213    0.4874    0.2982    0.2069
    0.200    40.0    258    0.4426    0.7250    0.5024    0.3083    0.2346
    0.200    45.0    235    0.4421    0.7260    0.5022    0.3052    0.2350
    0.200    50.0    217    0.4416    0.7266    0.5008    0.3011    0.2379
    0.350    30.0    318    0.4284    0.7210    0.4875    0.2972    0.2077
    0.350    40.0    257    0.4548    0.7299    0.5166    0.3264    0.2465
    0.350    45.0    235    0.4558    0.7305    0.5181    0.3269    0.2476
    0.350    50.0    215    0.4588    0.7323    0.5120    0.3238    0.2671
    0.500    30.0    318    0.4284    0.7210    0.4875    0.2972    0.2077
    0.500    40.0    254    0.4409    0.7242    0.5025    0.3050    0.2317
    0.500    45.0    234    0.4421    0.7251    0.5040    0.3056    0.2336
    0.500    50.0    215    0.4323    0.7254    0.4962    0.2850    0.2228
    0.700    30.0    318    0.4284    0.7210    0.4875    0.2972    0.2077
    0.700    40.0    254    0.4409    0.7242    0.5025    0.3050    0.2317
    0.700    45.0    234    0.4421    0.7251    0.5040    0.3056    0.2336
    0.700    50.0    215    0.4323    0.7254    0.4962    0.2850    0.2228
  best: alpha=0.35, dt_max=50 (215 steps) -> score 0.4588
  [warn] dt_max sits at the top of the grid. Longer strides keep winning because they compound the per-step bias fewer times; do not widen the grid beyond the dt_max the model trained on or the step itself becomes an extrapolation.
[schedule] psi0 = -0.2: alpha = 0.35, dt_max = 50  (tuned on 10 validation seeds)
[rollout] psi0m0.20: l=128 psi0=-0.2, 50 seeds, schedule psi0 = -0.2
[rollout] psi0m0.20: 10/50 seeds (212 steps each)
[rollout] psi0m0.20: 20/50 seeds (212 steps each)
[rollout] psi0m0.20: 30/50 seeds (212 steps each)
[rollout] psi0m0.20: 40/50 seeds (212 steps each)
[rollout] psi0m0.20: 50/50 seeds (212 steps each)

[tuning] stride schedule for psi0 = +0.0 on 10 validation seed(s) [31337, 24601, 8675309, 20250, 42424, 90210, 23571, 55555, 48151, 62831] (held out of the reported test set)
[tuning] score = mean R2 at t = 2500, 5000, 7500, 10000; a fixed grid, so schedules of different length stay comparable
    alpha  dt_max  steps     score  R2(2500)  R2(5000)  R2(7500) R2(10000)
    0.100    30.0    323    0.6417    0.7187    0.6121    0.6033    0.6327
    0.100    40.0    264    0.6570    0.7245    0.6248    0.6211    0.6578
    0.100    45.0    243    0.6716    0.7360    0.6422    0.6370    0.6712
    0.100    50.0    224    0.6763    0.7372    0.6457    0.6424    0.6799
    0.200    30.0    319    0.6381    0.7165    0.6089    0.5989    0.6280
    0.200    40.0    258    0.6633    0.7328    0.6352    0.6271    0.6582
    0.200    45.0    235    0.6693    0.7354    0.6405    0.6336    0.6676
    0.200    50.0    217    0.6738    0.7364    0.6437    0.6391    0.6760
    0.350    30.0    318    0.6235    0.7033    0.5928    0.5873    0.6108
    0.350    40.0    257    0.6365    0.7087    0.6065    0.6029    0.6279
    0.350    45.0    235    0.6420    0.7110    0.6116    0.6091    0.6365
    0.350    50.0    215    0.6468    0.7131    0.6148    0.6145    0.6448
    0.500    30.0    318    0.6235    0.7033    0.5928    0.5873    0.6108
    0.500    40.0    254    0.6366    0.7087    0.6067    0.6028    0.6280
    0.500    45.0    234    0.6421    0.7121    0.6120    0.6088    0.6353
    0.500    50.0    215    0.6465    0.7130    0.6150    0.6142    0.6440
    0.700    30.0    318    0.6235    0.7033    0.5928    0.5873    0.6108
    0.700    40.0    254    0.6366    0.7087    0.6067    0.6028    0.6280
    0.700    45.0    234    0.6421    0.7121    0.6120    0.6088    0.6353
    0.700    50.0    215    0.6465    0.7130    0.6150    0.6142    0.6440
  best: alpha=0.1, dt_max=50 (224 steps) -> score 0.6763
  [warn] dt_max sits at the top of the grid. Longer strides keep winning because they compound the per-step bias fewer times; do not widen the grid beyond the dt_max the model trained on or the step itself becomes an extrapolation.
  [warn] alpha sits at the bottom of the grid
[schedule] psi0 = +0.0: alpha = 0.1, dt_max = 50  (tuned on 10 validation seeds)
[rollout] psi0p0.00: l=128 psi0=+0.0, 50 seeds, schedule psi0 = +0.0
[rollout] psi0p0.00: 10/50 seeds (222 steps each)
[rollout] psi0p0.00: 20/50 seeds (222 steps each)
[rollout] psi0p0.00: 30/50 seeds (222 steps each)
[rollout] psi0p0.00: 40/50 seeds (222 steps each)
[rollout] psi0p0.00: 50/50 seeds (222 steps each)

[tuning] stride schedule for psi0 = +0.2 on 10 validation seed(s) [31337, 24601, 8675309, 20250, 42424, 90210, 23571, 55555, 48151, 62831] (held out of the reported test set)
[tuning] score = mean R2 at t = 2500, 5000, 7500, 10000; a fixed grid, so schedules of different length stay comparable
    alpha  dt_max  steps     score  R2(2500)  R2(5000)  R2(7500) R2(10000)
    0.100    30.0    323    0.2818    0.6722    0.3571    0.1016   -0.0039
    0.100    40.0    264    0.2671    0.6623    0.3367    0.0868   -0.0172
    0.100    45.0    243    0.2732    0.6639    0.3408    0.0932   -0.0051
    0.100    50.0    224    0.2763    0.6651    0.3413    0.0984    0.0004
    0.200    30.0    319    0.2932    0.6778    0.3661    0.1189    0.0102
    0.200    40.0    258    0.3137    0.6886    0.3869    0.1404    0.0389
    0.200    45.0    235    0.3426    0.6994    0.4155    0.1874    0.0682
    0.200    50.0    217    0.3442    0.7009    0.4186    0.1904    0.0671
    0.350    30.0    318    0.3076    0.6918    0.3831    0.1306    0.0247
    0.350    40.0    257    0.3461    0.7087    0.4322    0.1858    0.0577
    0.350    45.0    235    0.3506    0.7095    0.4349    0.1893    0.0686
    0.350    50.0    215    0.3593    0.7215    0.4383    0.1974    0.0799
    0.500    30.0    318    0.3076    0.6918    0.3831    0.1306    0.0247
    0.500    40.0    254    0.3472    0.7084    0.4333    0.1863    0.0608
    0.500    45.0    234    0.3550    0.7119    0.4402    0.1942    0.0740
    0.500    50.0    215    0.3608    0.7154    0.4428    0.1993    0.0858
    0.700    30.0    318    0.3076    0.6918    0.3831    0.1306    0.0247
    0.700    40.0    254    0.3472    0.7084    0.4333    0.1863    0.0608
    0.700    45.0    234    0.3550    0.7119    0.4402    0.1942    0.0740
    0.700    50.0    215    0.3608    0.7154    0.4428    0.1993    0.0858
  best: alpha=0.5, dt_max=50 (215 steps) -> score 0.3608
  [warn] dt_max sits at the top of the grid. Longer strides keep winning because they compound the per-step bias fewer times; do not widen the grid beyond the dt_max the model trained on or the step itself becomes an extrapolation.
[schedule] psi0 = +0.2: alpha = 0.5, dt_max = 50  (tuned on 10 validation seeds)
[rollout] psi0p0.20: l=128 psi0=+0.2, 50 seeds, schedule psi0 = +0.2
[rollout] psi0p0.20: 10/50 seeds (213 steps each)
[rollout] psi0p0.20: 20/50 seeds (213 steps each)
[rollout] psi0p0.20: 30/50 seeds (213 steps each)
[rollout] psi0p0.20: 40/50 seeds (213 steps each)
[rollout] psi0p0.20: 50/50 seeds (213 steps each)

[tuning] stride schedule for psi0 = +0.4 on 10 validation seed(s) [31337, 24601, 8675309, 20250, 42424, 90210, 23571, 55555, 48151, 62831] (held out of the reported test set)
[tuning] score = mean R2 at t = 2500, 5000, 7500, 10000; a fixed grid, so schedules of different length stay comparable
    alpha  dt_max  steps     score  R2(2500)  R2(5000)  R2(7500) R2(10000)
    0.100    30.0    323    0.2982    0.6869    0.3754    0.1491   -0.0186
    0.100    40.0    264    0.2882    0.6914    0.3772    0.1340   -0.0498
    0.100    45.0    243    0.2838    0.6912    0.3773    0.1258   -0.0591
    0.100    50.0    224    0.2619    0.6915    0.3623    0.0925   -0.0988
    0.200    30.0    319    0.2977    0.6820    0.3740    0.1478   -0.0132
    0.200    40.0    258    0.2704    0.6885    0.3656    0.1119   -0.0845
    0.200    45.0    235    0.2652    0.6880    0.3596    0.1062   -0.0930
    0.200    50.0    217    0.2520    0.6866    0.3458    0.0853   -0.1095
    0.350    30.0    318    0.3002    0.6808    0.3764    0.1541   -0.0106
    0.350    40.0    257    0.2674    0.6869    0.3613    0.1102   -0.0887
    0.350    45.0    235    0.2520    0.6832    0.3543    0.0865   -0.1160
    0.350    50.0    215    0.2204    0.6780    0.3280    0.0392   -0.1636
    0.500    30.0    318    0.3002    0.6808    0.3764    0.1541   -0.0106
    0.500    40.0    254    0.2573    0.6863    0.3529    0.0978   -0.1079
    0.500    45.0    234    0.2423    0.6804    0.3461    0.0724   -0.1299
    0.500    50.0    215    0.2253    0.6755    0.3291    0.0484   -0.1517
    0.700    30.0    318    0.3002    0.6808    0.3764    0.1541   -0.0106
    0.700    40.0    254    0.2573    0.6863    0.3529    0.0978   -0.1079
    0.700    45.0    234    0.2423    0.6804    0.3461    0.0724   -0.1299
    0.700    50.0    215    0.2253    0.6755    0.3291    0.0484   -0.1517
  best: alpha=0.35, dt_max=30 (318 steps) -> score 0.3002
[schedule] psi0 = +0.4: alpha = 0.35, dt_max = 30  (tuned on 10 validation seeds)
[rollout] psi0p0.40: l=128 psi0=+0.4, 50 seeds, schedule psi0 = +0.4
[rollout] psi0p0.40: 10/50 seeds (316 steps each)
[rollout] psi0p0.40: 20/50 seeds (316 steps each)
[rollout] psi0p0.40: 30/50 seeds (316 steps each)
[rollout] psi0p0.40: 40/50 seeds (316 steps each)
[rollout] psi0p0.40: 50/50 seeds (316 steps each)
[rollout] l160: l=160 psi0=+0.0, 50 seeds, schedule psi0 = +0.0
[rollout] l160: 6/50 seeds (222 steps each)
[rollout] l160: 12/50 seeds (222 steps each)
[rollout] l160: 18/50 seeds (222 steps each)
[rollout] l160: 24/50 seeds (222 steps each)
[rollout] l160: 30/50 seeds (222 steps each)
[rollout] l160: 36/50 seeds (222 steps each)
[rollout] l160: 42/50 seeds (222 steps each)
[rollout] l160: 48/50 seeds (222 steps each)
[rollout] l160: 50/50 seeds (222 steps each)
[rollout] l192: l=192 psi0=+0.0, 50 seeds, schedule psi0 = +0.0
[rollout] l192: 4/50 seeds (222 steps each)
[rollout] l192: 8/50 seeds (222 steps each)
[rollout] l192: 12/50 seeds (222 steps each)
[rollout] l192: 16/50 seeds (222 steps each)
[rollout] l192: 20/50 seeds (222 steps each)
[rollout] l192: 24/50 seeds (222 steps each)
[rollout] l192: 28/50 seeds (222 steps each)
[rollout] l192: 32/50 seeds (222 steps each)
[rollout] l192: 36/50 seeds (222 steps each)
[rollout] l192: 40/50 seeds (222 steps each)
[rollout] l192: 44/50 seeds (222 steps each)
[rollout] l192: 48/50 seeds (222 steps each)
[rollout] l192: 50/50 seeds (222 steps each)
[rollout] l256: l=256 psi0=+0.0, 50 seeds, schedule psi0 = +0.0
[rollout] l256: 2/50 seeds (222 steps each)
[rollout] l256: 4/50 seeds (222 steps each)
[rollout] l256: 6/50 seeds (222 steps each)
[rollout] l256: 8/50 seeds (222 steps each)
[rollout] l256: 10/50 seeds (222 steps each)
[rollout] l256: 12/50 seeds (222 steps each)
[rollout] l256: 14/50 seeds (222 steps each)
[rollout] l256: 16/50 seeds (222 steps each)
[rollout] l256: 18/50 seeds (222 steps each)
[rollout] l256: 20/50 seeds (222 steps each)
[rollout] l256: 22/50 seeds (222 steps each)
[rollout] l256: 24/50 seeds (222 steps each)
[rollout] l256: 26/50 seeds (222 steps each)
[rollout] l256: 28/50 seeds (222 steps each)
[rollout] l256: 30/50 seeds (222 steps each)
[rollout] l256: 32/50 seeds (222 steps each)
[rollout] l256: 34/50 seeds (222 steps each)
[rollout] l256: 36/50 seeds (222 steps each)
[rollout] l256: 38/50 seeds (222 steps each)
[rollout] l256: 40/50 seeds (222 steps each)
[rollout] l256: 42/50 seeds (222 steps each)
[rollout] l256: 44/50 seeds (222 steps each)
[rollout] l256: 46/50 seeds (222 steps each)
[rollout] l256: 48/50 seeds (222 steps each)
[rollout] l256: 50/50 seeds (222 steps each)

[summary] train_t0300_pred_t10000: l = 128 (+ boxes), t = 100 -> 10000
        case  alpha  dt_max  steps            mean R2           final R2     R2 >= thr to t n never   n_pred
   psi0m0.40   0.35    45.0    232    0.5065 +-0.1476    0.2073 +-0.2815        1446 +-520    0/50    0.3511
   psi0m0.20   0.35    50.0    212    0.4973 +-0.1879    0.1841 +-0.3190        1663 +-854    0/50    0.3675
   psi0p0.00   0.10    50.0    222    0.7122 +-0.1194    0.6229 +-0.2201        2626 +-2335   4/50    0.3815
   psi0p0.20   0.50    50.0    213    0.5147 +-0.1666    0.2094 +-0.2837        1919 +-977    0/50    0.4025
   psi0p0.40   0.35    30.0    316    0.4902 +-0.1388    0.1127 +-0.2972        1688 +-580    0/50    0.4068
        l160   0.10    50.0    222    0.6979 +-0.0991    0.5719 +-0.1739        2225 +-779    0/50    0.4172
        l192   0.10    50.0    222    0.6511 +-0.0984    0.4997 +-0.1775        1868 +-667    0/50    0.4295
        l256   0.10    50.0    222    0.6371 +-0.0515    0.4714 +-0.0932        1713 +-330    0/50    0.4513
  best psi0p0.00 (mean R2 0.7122), worst psi0p0.40 (mean R2 0.4902)
[diagnostic] reference trajectory gt_l128_off+0.0_seed31337_t100-10000_ev4.npz

[diagnostic] 64 -> 128 TRANSFER
  tile invariance |model(tile) - tile(model)| = 1.799e-07   PASS
  one-step R^2 at l=128 (training only ever saw t <= 299)
         t0     dt     UNO R2  persistence      gain
        100    4.0    0.99979      0.99721  +0.00259
        100   20.0    0.99578      0.94469  +0.05109
        100   40.0    0.98814      0.83902  +0.14911
       1000    4.0    0.99999      0.99997  +0.00003   <- extrapolated in t
       1000   20.0    0.99988      0.99920  +0.00068   <- extrapolated in t
       1000   40.0    0.99955      0.99686  +0.00270   <- extrapolated in t
       1900    4.0    1.00000      0.99999  +0.00001   <- extrapolated in t
       1900   20.0    0.99993      0.99965  +0.00028   <- extrapolated in t
       1900   40.0    0.99975      0.99861  +0.00114   <- extrapolated in t
       2731    4.0    1.00000      0.99999  +0.00000   <- extrapolated in t
       2731   20.0    0.99995      0.99981  +0.00014   <- extrapolated in t
       2731   40.0    0.99983      0.99926  +0.00057   <- extrapolated in t
       3730    8.0    0.99999      0.99999  +0.00001   <- extrapolated in t
       3730   20.0    0.99997      0.99992  +0.00005   <- extrapolated in t
       3730   40.0    0.99989      0.99968  +0.00020   <- extrapolated in t
       5094    8.0    1.00000      0.99999  +0.00000   <- extrapolated in t
       5094   20.0    0.99997      0.99996  +0.00002   <- extrapolated in t
       5094   40.0    0.99991      0.99982  +0.00008   <- extrapolated in t
       6956    4.0    1.00000      1.00000  +0.00000   <- extrapolated in t
       6956   20.0    0.99998      0.99996  +0.00002   <- extrapolated in t
       6956   40.0    0.99992      0.99983  +0.00009   <- extrapolated in t
       9500    4.0    1.00000      1.00000  -0.00000   <- extrapolated in t
       9500   20.0    0.99999      0.99998  +0.00001   <- extrapolated in t
       9500   40.0    0.99994      0.99992  +0.00002   <- extrapolated in t

[diagnostic] INTRINSIC PREDICTABILITY (exact solver)
   rel. perturb   R2(t=2500)   R2(t=5000)  R2(t=10000)
        1.0e-04      1.00000      1.00000      1.00000
        1.0e-03      1.00000      1.00000      1.00000
        1.0e-02      0.99998      0.99999      0.99999

[diagnostic] PER-STEP COARSENING BIAS (continuous 'moment' estimator)
  training data ends at t = 300 (checkpoint)
        t    dt   L_truth   dL_truth   dL_model   bias %  in train range
      100    20     13.95     0.8093     0.6214    -23.2  yes
      150    20     15.67     0.5438     0.4144    -23.8  yes
      200    20     16.95     0.4068     0.3115    -23.4  yes
      300    20     18.76     0.3146     0.2403    -23.6  yes
      400    20     20.24     0.2784     0.2076    -25.4  NO -- extrapolated
      600    20     22.94     0.2594     0.1882    -27.4  NO -- extrapolated
      800    20     25.19     0.2019     0.1454    -28.0  NO -- extrapolated
     1100    20     27.74     0.1484     0.0998    -32.7  NO -- extrapolated
     1400    20     29.98     0.1612     0.1071    -33.6  NO -- extrapolated
     1700    20     32.02     0.1125     0.0666    -40.8  NO -- extrapolated
     1900    20     33.14     0.1120     0.0647    -42.2  NO -- extrapolated
     2731    28     37.14     0.0989     0.0531    -46.3  NO -- extrapolated
     3730    40     39.84     0.0806     0.0420    -47.9  NO -- extrapolated
     5094    52     42.07     0.0780     0.0412    -47.1  NO -- extrapolated
     6956    48     45.06     0.0776     0.0331    -57.3  NO -- extrapolated
     9500    48     48.26     0.0385    -0.0239   -162.1  NO -- extrapolated
  mean bias inside  training range (4 pts): -23.5 %
  mean bias outside training range (12 pts): -49.2 %

[diagnostic] SPEEDUP vs the explicit solver
  solver: 990,000 explicit steps of dt=0.01 -> 256.0s per trajectory (one at a time, measured on 2000 steps)
  UNO:    222 autoregressive steps -> 2.328s per trajectory (one at a time)
                                      0.282s per trajectory (amortised over a batch of 10)
  speedup 110x like-for-like, 909x batched (4459x fewer steps)
  quote the like-for-like number: the solver probe is unbatched too. Both compare against the explicit dt=0.01 scheme, not a semi-implicit spectral solver, which would need far fewer steps.

[results] wrote Work/predict/train_t0300_pred_t10000/results.json

[draw] train_t0300_pred_t10000 -> Results/train_t0300_pred_t10000
[draw]   psi0m0.40: R2(10000) = 0.2073 +- 0.2815, best seed 54464
[draw]   psi0m0.20: R2(10000) = 0.1841 +- 0.3190, best seed 61803
[draw]   psi0p0.00: R2(10000) = 0.6229 +- 0.2201, best seed 36963
[draw]   psi0p0.20: R2(10000) = 0.2094 +- 0.2837, best seed 92280
[draw]   psi0p0.40: R2(10000) = 0.1127 +- 0.2972, best seed 99999
[draw]   l160: R2(10000) = 0.5719 +- 0.1739, best seed 22911
[draw]   l192: R2(10000) = 0.4997 +- 0.1775, best seed 51170
[draw]   l256: R2(10000) = 0.4714 +- 0.0932, best seed 57721
[draw] comparison.png: 4 runs
[draw] done: 1 run folder(s) drawn, README.md lists 4 run(s) in Results/

[done] total 1784.7s | 17,901,252 parameters | report -> Results/train_t0300_pred_t10000

======================= RESULTS =======================
[draw] train_t0300_pred_t02000 -> Results/train_t0300_pred_t02000
[draw]   psi0m0.40: snapshots_long skipped, the cache holds 1 long snapshot time(s) (< 2)
[draw]   psi0m0.40: R2(2000) = 0.7759 +- 0.0885, best seed 39748
[draw]   psi0m0.20: snapshots_long skipped, the cache holds 1 long snapshot time(s) (< 2)
[draw]   psi0m0.20: R2(2000) = 0.7659 +- 0.1002, best seed 27924
[draw]   psi0p0.00: snapshots_long skipped, the cache holds 1 long snapshot time(s) (< 2)
[draw]   psi0p0.00: R2(2000) = 0.7884 +- 0.0969, best seed 48417
[draw]   psi0p0.20: snapshots_long skipped, the cache holds 1 long snapshot time(s) (< 2)
[draw]   psi0p0.20: R2(2000) = 0.7593 +- 0.1109, best seed 22911
[draw]   psi0p0.40: snapshots_long skipped, the cache holds 1 long snapshot time(s) (< 2)
[draw]   psi0p0.40: R2(2000) = 0.7740 +- 0.0759, best seed 20264
[draw]   l160: snapshots_long skipped, the cache holds 1 long snapshot time(s) (< 2)
[draw]   l160: R2(2000) = 0.7838 +- 0.0696, best seed 94245
[draw]   l192: snapshots_long skipped, the cache holds 1 long snapshot time(s) (< 2)
[draw]   l192: R2(2000) = 0.7586 +- 0.0715, best seed 29935
[draw]   l256: snapshots_long skipped, the cache holds 1 long snapshot time(s) (< 2)
[draw]   l256: R2(2000) = 0.7525 +- 0.0448, best seed 29935
[draw] train_t0300_pred_t10000 -> Results/train_t0300_pred_t10000
[draw]   psi0m0.40: R2(10000) = 0.2073 +- 0.2815, best seed 54464
[draw]   psi0m0.20: R2(10000) = 0.1841 +- 0.3190, best seed 61803
[draw]   psi0p0.00: R2(10000) = 0.6229 +- 0.2201, best seed 36963
[draw]   psi0p0.20: R2(10000) = 0.2094 +- 0.2837, best seed 92280
[draw]   psi0p0.40: R2(10000) = 0.1127 +- 0.2972, best seed 99999
[draw]   l160: R2(10000) = 0.5719 +- 0.1739, best seed 22911
[draw]   l192: R2(10000) = 0.4997 +- 0.1775, best seed 51170
[draw]   l256: R2(10000) = 0.4714 +- 0.0932, best seed 57721
[draw] train_t0500_pred_t02000 -> Results/train_t0500_pred_t02000
[draw]   psi0m0.40: snapshots_long skipped, the cache holds 1 long snapshot time(s) (< 2)
[draw]   psi0m0.40: R2(2000) = 0.7903 +- 0.0764, best seed 28096
[draw]   psi0m0.20: snapshots_long skipped, the cache holds 1 long snapshot time(s) (< 2)
[draw]   psi0m0.20: R2(2000) = 0.7627 +- 0.0866, best seed 76214
[draw]   psi0p0.00: snapshots_long skipped, the cache holds 1 long snapshot time(s) (< 2)
[draw]   psi0p0.00: R2(2000) = 0.7824 +- 0.0761, best seed 48417
[draw]   psi0p0.20: snapshots_long skipped, the cache holds 1 long snapshot time(s) (< 2)
[draw]   psi0p0.20: R2(2000) = 0.7512 +- 0.1082, best seed 29935
[draw]   psi0p0.40: snapshots_long skipped, the cache holds 1 long snapshot time(s) (< 2)
[draw]   psi0p0.40: R2(2000) = 0.7672 +- 0.0741, best seed 76214
[draw]   l160: snapshots_long skipped, the cache holds 1 long snapshot time(s) (< 2)
[draw]   l160: R2(2000) = 0.7763 +- 0.0679, best seed 60079
[draw]   l192: snapshots_long skipped, the cache holds 1 long snapshot time(s) (< 2)
[draw]   l192: R2(2000) = 0.7612 +- 0.0626, best seed 54464
[draw]   l256: snapshots_long skipped, the cache holds 1 long snapshot time(s) (< 2)
[draw]   l256: R2(2000) = 0.7564 +- 0.0427, best seed 29935
[draw] train_t1000_pred_t10000 -> Results/train_t1000_pred_t10000
[draw]   psi0m0.40: R2(10000) = -0.5367 +- 0.2839, best seed 31458
[draw]   psi0m0.20: R2(10000) = -0.5926 +- 0.2428, best seed 27924
[draw]   psi0p0.00: R2(10000) = 0.0100 +- 0.2564, best seed 48417
[draw]   psi0p0.20: R2(10000) = -0.5147 +- 0.2186, best seed 29935
[draw]   psi0p0.40: R2(10000) = -0.6543 +- 0.2716, best seed 28096
[draw]   l160: R2(10000) = -0.0034 +- 0.1788, best seed 84331
[draw]   l192: R2(10000) = -0.0363 +- 0.1794, best seed 43125
[draw]   l256: R2(10000) = -0.0867 +- 0.1445, best seed 29935
[draw] comparison.png: 4 runs
[draw] done: 4 run folder(s) drawn, README.md lists 4 run(s) in Results/

Job finished at Tue Oct  6 21:30:17 IST 2026
