Job started on gpu2 at Wed Oct  7 19:51:40 IST 2026
Python Path: /iitjhome/m25ph1006/chc_uno_v1/env/bin/python
CUDA Available Devices: 0
PyTorch GPU Available: True
Device Name: NVIDIA A100-SXM4-40GB
======================= TRAINING =======================
==============================================================================
 UNO / Cahn-Hilliard -- TRAINING   2026-10-07 19:51:45
==============================================================================
[setup] END = 300  variant lap  data Work/data/test_t0300.npz  validation to t = 10000
[setup] NVIDIA A100-SXM4-40GB, 42.4 GB, torch 2.13.0+cu126
[setup] device=cuda:0 precision=fp32 dtype=torch.float32 world_size=1
[setup] model dir -> /iitjhome/m25ph1006/chc_uno_v1/Work/models/train_t0300_lap
[data] Work/data/test_t0300.npz -> training data ends at t = 300  train_X (20, 2990, 64, 64)
[data] train (20, 2990, 64, 64)  val (5, 2990, 64, 64)  float32, 0.98 GB
[data] train_off=all -> trajectories [0, 1, 2, 3, 4, 5, 6, 7, 8, 9, 10, 11, 12, 13, 14, 15, 16, 17, 18, 19] (off=[-0.4, -0.2, 0.0, 0.2, 0.4])
[data] sign-flip augmentation on, sampling from cuda:0
[val] l=128 ground truth to t=10000 for seeds [31337, 24601, 8675309, 20250, 42424, 90210, 23571, 55555, 48151, 62831] in Work/gt_cache
[val] lowk g = increment gain of the 8 lowest modes / the first trained shell at t0 = [1000.0, 2000.0], dt = 48 (logged only, not used for selection)
[model] 17,901,252 parameters, modes/level [20, 10, 5, 2], dtype=torch.float32
[model] conserve_mass=True laplacian_output=True dt_conditioned=True residual_prediction=True
[data] max trainable dt by unroll: 1 -> 50.0, 2 -> 50.0, 4 -> 50.0
[resume] no uno_ch_state.pt in /iitjhome/m25ph1006/chc_uno_v1/Work/models/train_t0300_lap; training from epoch 1
[setup] early stopping disabled (patience=0); the no-gain counter is still logged, so the epoch any patience would have fired at can be read straight off the log
epoch   1/60 | unroll  1 | train 0.08350 | val1 0.05220 | d/psi 0.1035 | lr 3.00e-03 | 82.6s (413 ms/step)
epoch   2/60 | unroll  1 | train 0.01523 | val1 0.04443 | d/psi 0.1318 | lr 3.00e-03 | 71.6s (358 ms/step) | rollout -0.3682 | in-range R2 0.3350 (t <= 600) | survives t=  147.9 [148, 148, 145, 147, 149, 151, 148, 149, 145, 149] | lowk g 0.00/0.00@1000 -0.00/-0.00@2000  <- best
epoch   3/60 | unroll  1 | train 0.00966 | val1 0.06334 | d/psi 0.1327 | lr 2.99e-03 | 71.5s (358 ms/step)
epoch   4/60 | unroll  1 | train 0.00773 | val1 0.04293 | d/psi 0.1336 | lr 2.98e-03 | 71.6s (358 ms/step) | rollout -0.6224 | in-range R2 0.3522 (t <= 600) | survives t=  150.3 [150, 150, 147, 150, 152, 153, 150, 151, 148, 151] | lowk g 0.01/0.03@1000 0.02/0.05@2000  <- best
[stage] unroll -> 2; max trainable dt 50.0
epoch   5/60 | unroll  2 | train 0.00882 | val1 0.03735 | d/psi 0.1455 | lr 1.93e-03 | 83.7s (418 ms/step)
epoch   6/60 | unroll  2 | train 0.00732 | val1 0.03915 | d/psi 0.1437 | lr 1.92e-03 | 78.2s (391 ms/step) | rollout -0.5550 | in-range R2 0.4155 (t <= 600) | survives t=  157.6 [158, 157, 154, 158, 160, 160, 155, 159, 156, 159] | lowk g 0.07/0.14@1000 0.07/0.21@2000  <- best
epoch   7/60 | unroll  2 | train 0.00655 | val1 0.03107 | d/psi 0.1418 | lr 1.90e-03 | 78.2s (391 ms/step)
epoch   8/60 | unroll  2 | train 0.00622 | val1 0.03778 | d/psi 0.1426 | lr 1.88e-03 | 78.2s (391 ms/step) | rollout -0.2286 | in-range R2 0.5676 (t <= 600) | survives t=  176.0 [178, 173, 169, 178, 180, 178, 169, 179, 179, 177] | lowk g 0.16/0.28@1000 0.17/0.39@2000  <- best
epoch   9/60 | unroll  2 | train 0.00577 | val1 0.02581 | d/psi 0.1398 | lr 1.86e-03 | 78.2s (391 ms/step)
epoch  10/60 | unroll  2 | train 0.00545 | val1 0.01362 | d/psi 0.1432 | lr 1.84e-03 | 78.2s (391 ms/step) | rollout 0.1074 | in-range R2 0.7177 (t <= 600) | survives t=  221.5 [228, 211, 207, 231, 221, 218, 198, 240, 239, 221] | lowk g 0.27/0.42@1000 0.27/0.56@2000  <- best
epoch  11/60 | unroll  2 | train 0.00510 | val1 0.01309 | d/psi 0.1410 | lr 1.82e-03 | 78.2s (391 ms/step)
[stage] unroll -> 4; max trainable dt 50.0
epoch  12/60 | unroll  4 | train 0.01023 | val1 0.00628 | d/psi 0.1667 | lr 1.16e-03 | 93.4s (467 ms/step) | rollout 0.3952 | in-range R2 0.8311 (t <= 600) | survives t=  327.4 [347, 305, 293, 364, 311, 301, 296, 381, 346, 331] | lowk g 0.39/0.55@1000 0.39/0.69@2000  <- best
epoch  13/60 | unroll  4 | train 0.00911 | val1 0.00874 | d/psi 0.1679 | lr 1.14e-03 | 90.3s (452 ms/step)
epoch  14/60 | unroll  4 | train 0.00819 | val1 0.00468 | d/psi 0.1663 | lr 1.12e-03 | 90.3s (452 ms/step) | rollout 0.5630 | in-range R2 0.9037 (t <= 600) | survives t=  656.0 [543, 623, 522, 575, 787, 599, 748, 702, 615, 846] | lowk g 0.48/0.63@1000 0.49/0.75@2000  <- best
epoch  15/60 | unroll  4 | train 0.00863 | val1 0.00488 | d/psi 0.1748 | lr 1.10e-03 | 90.3s (452 ms/step)
epoch  16/60 | unroll  4 | train 0.00844 | val1 0.00332 | d/psi 0.1667 | lr 1.08e-03 | 90.3s (452 ms/step) | rollout 0.6583 | in-range R2 0.9416 (t <= 600) | survives t= 1361.4 [806, 1285, 945, 1669, 1181, 1351, 1192, 1226, 1963, 1995] | lowk g 0.54/0.67@1000 0.53/0.73@2000  <- best
epoch  17/60 | unroll  4 | train 0.00711 | val1 0.00241 | d/psi 0.1712 | lr 1.05e-03 | 90.3s (451 ms/step)
epoch  18/60 | unroll  4 | train 0.00794 | val1 0.00199 | d/psi 0.1737 | lr 1.03e-03 | 90.2s (451 ms/step) | rollout 0.7249 | in-range R2 0.9658 (t <= 600) | survives t= 3253.2 [1103, 1556, 1494, 3299, 3425, 2704, 5110, 4745, 6033, 3063] | lowk g 0.61/0.71@1000 0.60/0.73@2000  <- best
epoch  19/60 | unroll  4 | train 0.00661 | val1 0.00090 | d/psi 0.1675 | lr 9.99e-04 | 90.3s (451 ms/step)
epoch  20/60 | unroll  4 | train 0.00634 | val1 0.00126 | d/psi 0.1649 | lr 9.71e-04 | 90.2s (451 ms/step) | rollout 0.7755 | in-range R2 0.9794 (t <= 600) | survives t= 4778.6 [1205, 1865, 1729, 4236, 7292, 6598, 6302, 6093, 8343, 4124] | lowk g 0.67/0.76@1000 0.66/0.74@2000  <- best
epoch  21/60 | unroll  4 | train 0.00641 | val1 0.00067 | d/psi 0.1715 | lr 9.42e-04 | 90.2s (451 ms/step)
epoch  22/60 | unroll  4 | train 0.00627 | val1 0.00091 | d/psi 0.1715 | lr 9.12e-04 | 90.2s (451 ms/step) | rollout 0.8330 | in-range R2 0.9875 (t <= 600) | survives t= 7440.1 [2143, 3026, 8210, 10000, 8911, 8722, 7072, 6479, 9838, 10000] | lowk g 0.71/0.79@1000 0.71/0.76@2000  <- best
epoch  23/60 | unroll  4 | train 0.00581 | val1 0.00065 | d/psi 0.1614 | lr 8.81e-04 | 90.2s (451 ms/step)
epoch  24/60 | unroll  4 | train 0.00593 | val1 0.00107 | d/psi 0.1675 | lr 8.50e-04 | 90.2s (451 ms/step) | rollout 0.8535 | in-range R2 0.9910 (t <= 600) | survives t= 8051.4 [2280, 3184, 8581, 10000, 9406, 9436, 7627, 10000, 10000, 10000] | lowk g 0.74/0.82@1000 0.75/0.77@2000  <- best
epoch  25/60 | unroll  4 | train 0.00534 | val1 0.00046 | d/psi 0.1674 | lr 8.18e-04 | 90.2s (451 ms/step)
epoch  26/60 | unroll  4 | train 0.00549 | val1 0.00065 | d/psi 0.1650 | lr 7.86e-04 | 90.2s (451 ms/step) | rollout 0.8632 | in-range R2 0.9930 (t <= 600) | survives t= 8117.2 [2401, 3312, 8769, 10000, 9689, 9160, 8119, 10000, 10000, 9722] | lowk g 0.77/0.84@1000 0.78/0.79@2000  <- best
epoch  27/60 | unroll  4 | train 0.00495 | val1 0.00048 | d/psi 0.1594 | lr 7.53e-04 | 90.2s (451 ms/step)
epoch  28/60 | unroll  4 | train 0.00515 | val1 0.00037 | d/psi 0.1635 | lr 7.20e-04 | 90.2s (451 ms/step) | rollout 0.8663 | in-range R2 0.9937 (t <= 600) | survives t= 8004.3 [2460, 3359, 8546, 9794, 9593, 8921, 8071, 10000, 10000, 9299] | lowk g 0.78/0.85@1000 0.79/0.79@2000  (no gain 1/off)
epoch  29/60 | unroll  4 | train 0.00482 | val1 0.00038 | d/psi 0.1748 | lr 6.86e-04 | 90.2s (451 ms/step)
epoch  30/60 | unroll  4 | train 0.00471 | val1 0.00036 | d/psi 0.1664 | lr 6.53e-04 | 90.2s (451 ms/step) | rollout 0.8662 | in-range R2 0.9941 (t <= 600) | survives t= 7881.6 [2495, 3391, 8174, 9698, 9148, 8651, 7985, 10000, 10000, 9275] | lowk g 0.79/0.86@1000 0.81/0.79@2000  (no gain 2/off)
epoch  31/60 | unroll  4 | train 0.00450 | val1 0.00037 | d/psi 0.1632 | lr 6.19e-04 | 90.2s (451 ms/step)
epoch  32/60 | unroll  4 | train 0.00445 | val1 0.00032 | d/psi 0.1620 | lr 5.85e-04 | 90.2s (451 ms/step) | rollout 0.8782 | in-range R2 0.9936 (t <= 600) | survives t= 8009.5 [2590, 3880, 8051, 9961, 9128, 8683, 8379, 10000, 10000, 9424] | lowk g 0.81/0.88@1000 0.82/0.81@2000  (no gain 3/off)
epoch  33/60 | unroll  4 | train 0.00420 | val1 0.00030 | d/psi 0.1660 | lr 5.52e-04 | 90.2s (451 ms/step)
epoch  34/60 | unroll  4 | train 0.00440 | val1 0.00021 | d/psi 0.1646 | lr 5.19e-04 | 90.2s (451 ms/step) | rollout 0.8753 | in-range R2 0.9936 (t <= 600) | survives t= 7882.6 [2608, 3892, 8009, 9684, 9004, 8519, 8156, 10000, 10000, 8955] | lowk g 0.82/0.88@1000 0.83/0.81@2000  (no gain 4/off)
epoch  35/60 | unroll  4 | train 0.00411 | val1 0.00053 | d/psi 0.1650 | lr 4.86e-04 | 90.2s (451 ms/step)
epoch  36/60 | unroll  4 | train 0.00391 | val1 0.00035 | d/psi 0.1682 | lr 4.54e-04 | 90.2s (451 ms/step) | rollout 0.8755 | in-range R2 0.9937 (t <= 600) | survives t= 7840.2 [2646, 3959, 7828, 9686, 8799, 8409, 8151, 10000, 10000, 8924] | lowk g 0.82/0.89@1000 0.84/0.82@2000  (no gain 5/off)
epoch  37/60 | unroll  4 | train 0.00377 | val1 0.00046 | d/psi 0.1690 | lr 4.22e-04 | 90.3s (451 ms/step)
epoch  38/60 | unroll  4 | train 0.00396 | val1 0.00037 | d/psi 0.1657 | lr 3.90e-04 | 90.2s (451 ms/step) | rollout 0.8754 | in-range R2 0.9938 (t <= 600) | survives t= 7842.9 [2694, 4658, 7786, 9518, 8706, 8327, 8132, 10000, 9887, 8720] | lowk g 0.83/0.90@1000 0.85/0.83@2000  (no gain 6/off)
epoch  39/60 | unroll  4 | train 0.00365 | val1 0.00033 | d/psi 0.1685 | lr 3.60e-04 | 90.3s (451 ms/step)
epoch  40/60 | unroll  4 | train 0.00332 | val1 0.00038 | d/psi 0.1619 | lr 3.30e-04 | 90.2s (451 ms/step) | rollout 0.8716 | in-range R2 0.9939 (t <= 600) | survives t= 7616.6 [2712, 3985, 7678, 9254, 8535, 8172, 7906, 9886, 9643, 8394] | lowk g 0.84/0.91@1000 0.86/0.83@2000  (no gain 7/off)
epoch  41/60 | unroll  4 | train 0.00354 | val1 0.00025 | d/psi 0.1635 | lr 3.01e-04 | 90.2s (451 ms/step)
epoch  42/60 | unroll  4 | train 0.00340 | val1 0.00050 | d/psi 0.1771 | lr 2.73e-04 | 90.2s (451 ms/step) | rollout 0.8692 | in-range R2 0.9939 (t <= 600) | survives t= 7533.1 [2724, 3962, 7581, 9200, 8424, 8109, 7686, 9729, 9549, 8368] | lowk g 0.84/0.92@1000 0.87/0.85@2000  (no gain 8/off)
epoch  43/60 | unroll  4 | train 0.00346 | val1 0.00049 | d/psi 0.1696 | lr 2.46e-04 | 90.3s (451 ms/step)
epoch  44/60 | unroll  4 | train 0.00321 | val1 0.00043 | d/psi 0.1679 | lr 2.20e-04 | 90.2s (451 ms/step) | rollout 0.8669 | in-range R2 0.9939 (t <= 600) | survives t= 7474.9 [2714, 3931, 7499, 9178, 8314, 8035, 7493, 9712, 9477, 8396] | lowk g 0.85/0.92@1000 0.87/0.85@2000  (no gain 9/off)
epoch  45/60 | unroll  4 | train 0.00317 | val1 0.00046 | d/psi 0.1658 | lr 1.95e-04 | 90.3s (451 ms/step)
epoch  46/60 | unroll  4 | train 0.00330 | val1 0.00028 | d/psi 0.1732 | lr 1.72e-04 | 90.2s (451 ms/step) | rollout 0.8687 | in-range R2 0.9939 (t <= 600) | survives t= 7569.4 [2771, 4595, 7506, 9234, 8301, 8104, 7577, 9665, 9455, 8485] | lowk g 0.85/0.93@1000 0.88/0.86@2000  (no gain 10/off)
epoch  47/60 | unroll  4 | train 0.00356 | val1 0.00022 | d/psi 0.1682 | lr 1.50e-04 | 90.2s (451 ms/step)
epoch  48/60 | unroll  4 | train 0.00287 | val1 0.00043 | d/psi 0.1717 | lr 1.29e-04 | 90.2s (451 ms/step) | rollout 0.8569 | in-range R2 0.9941 (t <= 600) | survives t= 7346.2 [2781, 2953, 7448, 9158, 8233, 8000, 7493, 9601, 9348, 8447] | lowk g 0.85/0.93@1000 0.88/0.86@2000  (no gain 11/off)
epoch  49/60 | unroll  4 | train 0.00330 | val1 0.00010 | d/psi 0.1678 | lr 1.10e-04 | 90.2s (451 ms/step)
epoch  50/60 | unroll  4 | train 0.00280 | val1 0.00019 | d/psi 0.1672 | lr 9.17e-05 | 90.2s (451 ms/step) | rollout 0.8564 | in-range R2 0.9947 (t <= 600) | survives t= 7332.9 [2783, 2667, 7394, 9269, 8197, 7983, 7483, 9611, 9382, 8560] | lowk g 0.86/0.94@1000 0.89/0.87@2000  (no gain 12/off)
epoch  51/60 | unroll  4 | train 0.00289 | val1 0.00035 | d/psi 0.1673 | lr 7.54e-05 | 90.2s (451 ms/step)
epoch  52/60 | unroll  4 | train 0.00301 | val1 0.00034 | d/psi 0.1671 | lr 6.07e-05 | 90.2s (451 ms/step) | rollout 0.8586 | in-range R2 0.9947 (t <= 600) | survives t= 7415.1 [2800, 2682, 7395, 9403, 8134, 8034, 7572, 9956, 9413, 8763] | lowk g 0.86/0.94@1000 0.89/0.87@2000  (no gain 13/off)
epoch  53/60 | unroll  4 | train 0.00314 | val1 0.00029 | d/psi 0.1693 | lr 4.76e-05 | 90.2s (451 ms/step)
epoch  54/60 | unroll  4 | train 0.00292 | val1 0.00028 | d/psi 0.1691 | lr 3.62e-05 | 90.2s (451 ms/step) | rollout 0.8601 | in-range R2 0.9947 (t <= 600) | survives t= 7444.4 [2818, 2696, 7409, 9456, 8127, 8046, 7592, 10000, 9432, 8868] | lowk g 0.86/0.95@1000 0.89/0.88@2000  (no gain 14/off)
epoch  55/60 | unroll  4 | train 0.00285 | val1 0.00018 | d/psi 0.1681 | lr 2.65e-05 | 90.3s (451 ms/step)
epoch  56/60 | unroll  4 | train 0.00280 | val1 0.00023 | d/psi 0.1674 | lr 1.85e-05 | 90.2s (451 ms/step) | rollout 0.8652 | in-range R2 0.9948 (t <= 600) | survives t= 7595.5 [2845, 2720, 7473, 9521, 8141, 8127, 7678, 10000, 9478, 9972] | lowk g 0.86/0.95@1000 0.89/0.88@2000  (no gain 15/off)
epoch  57/60 | unroll  4 | train 0.00276 | val1 0.00019 | d/psi 0.1733 | lr 1.23e-05 | 90.3s (451 ms/step)
epoch  58/60 | unroll  4 | train 0.00306 | val1 0.00022 | d/psi 0.1659 | lr 7.80e-06 | 90.3s (451 ms/step) | rollout 0.8669 | in-range R2 0.9948 (t <= 600) | survives t= 7624.0 [2862, 2742, 7505, 9575, 8143, 8190, 7706, 10000, 9517, 10000] | lowk g 0.86/0.95@1000 0.90/0.89@2000  (no gain 16/off)
epoch  59/60 | unroll  4 | train 0.00286 | val1 0.00031 | d/psi 0.1735 | lr 5.12e-06 | 90.3s (451 ms/step)
epoch  60/60 | unroll  4 | train 0.00267 | val1 0.00028 | d/psi 0.1702 | lr 4.23e-06 | 90.2s (451 ms/step) | rollout 0.8677 | in-range R2 0.9948 (t <= 600) | survives t= 7637.7 [2875, 2756, 7521, 9602, 8148, 8224, 7719, 10000, 9534, 10000] | lowk g 0.86/0.95@1000 0.90/0.89@2000  (no gain 17/off)
[mem] peak allocated 5.85 GB
[done] selected epoch 26 (survives to t = 8117.2, in-range R2 0.9930) | total 1.55 h (5586s) | 17,901,252 parameters | saved to /iitjhome/m25ph1006/chc_uno_v1/Work/models/train_t0300_lap/uno_ch_best.pt

======================= PREDICTION =======================
==============================================================================
 UNO / Cahn-Hilliard -- PREDICTION   2026-10-07 21:24:56
==============================================================================
[setup] NVIDIA A100-SXM4-40GB, 42.4 GB, torch 2.13.0+cu126
[setup] device=cuda precision=fp32 dtype=torch.float32
[setup] label train_t0300_lap_pred_t10000: END = 300, variant lap, t = 100 -> 10000, save_every 4
[setup] snapshots main [100.0, 500.0, 1000.0, 2000.0], long [2000.0, 4000.0, 6000.0, 8000.0, 10000.0], tune scores at [2500.0, 5000.0, 7500.0, 10000.0]
[gt] prewarm to t = 10000 in Work/gt_cache
[gt]   l=128 off=-0.4 ev=4: 60 trajectories, 0 solved, 60 cached
[gt]   l=128 off=-0.2 ev=4: 60 trajectories, 0 solved, 60 cached
[gt]   l=128 off=+0.0 ev=4: 60 trajectories, 0 solved, 60 cached
[gt]   l=128 off=+0.2 ev=4: 60 trajectories, 0 solved, 60 cached
[gt]   l=128 off=+0.4 ev=4: 60 trajectories, 0 solved, 60 cached
[gt]   l=160 off=+0.0 ev=4: 50 trajectories, 0 solved, 50 cached
[gt]   l=192 off=+0.0 ev=4: 50 trajectories, 0 solved, 50 cached
[gt]   l=256 off=+0.0 ev=4: 50 trajectories, 0 solved, 50 cached
[gt] 450 trajectories ready (0 solved now) in 0s
[model] Work/models/train_t0300_lap/uno_ch_best.pt  17,901,252 parameters  arch={'width': 40, 'modes': 20, 'n_ref': 64, 'levels': 3, 'cond_dim': 64, 'conserve_mass': True, 'laplacian_output': True}
[model] training metrics: {'select': 'survival', 'survives': 8117.193395456836, 'per_seed': [2401.4276740533933, 3311.577968618841, 8768.768177929853, 10000.0, 9689.49469835466, 9160.105449358058, 8118.648365360617, 10000.0, 10000.0, 9721.91162089293], 'r2_in_range': 0.9930403262376786, 'in_range_t1': 600.0, 'rollout': 0.8631989189386368, 'epoch': 26, 'val1': 0.0006472934076621565}
[model] training data ends at t = 300.0 (checkpoint)
[eval] offs=[-0.4, -0.2, 0.0, 0.2, 0.4]  50 test seeds=[99999, 54321, 77777, 31415, 27182, 61803, 41421, 57721, 66260, 86420, 20264, 22348, 22911, 27614, 27924, 28096, 29935, 31458, 32393, 33052, 33672, 34617, 35064, 35973, 36643, 36963, 39748, 42192, 43125, 48417, 51170, 52066, 54464, 58713, 60079, 63866, 67517, 68620, 70389, 76145, 76214, 77086, 84331, 85507, 88080, 88971, 92280, 94245, 98029, 98895]
[rollout] cache Work/rollout_cache/train_t0300_lap_pred_t10000  checkpoint 70e255ec2c21

[tuning] stride schedule for psi0 = -0.4 on 10 validation seed(s) [31337, 24601, 8675309, 20250, 42424, 90210, 23571, 55555, 48151, 62831] (held out of the reported test set)
[tuning] score = mean R2 at t = 2500, 5000, 7500, 10000; a fixed grid, so schedules of different length stay comparable
    alpha  dt_max  steps     score  R2(2500)  R2(5000)  R2(7500) R2(10000)
    0.100    30.0    323    0.6038    0.8006    0.6396    0.5133    0.4616
    0.100    40.0    264    0.6131    0.8049    0.6442    0.5332    0.4700
    0.100    45.0    243    0.6128    0.8076    0.6444    0.5348    0.4643
    0.100    50.0    224    0.6147    0.8105    0.6482    0.5395    0.4605
    0.200    30.0    319    0.6070    0.8042    0.6406    0.5212    0.4621
    0.200    40.0    258    0.6170    0.8099    0.6501    0.5381    0.4700
    0.200    45.0    235    0.6135    0.8123    0.6442    0.5354    0.4620
    0.200    50.0    217    0.6111    0.8148    0.6433    0.5342    0.4522
    0.350    30.0    318    0.6051    0.8014    0.6385    0.5174    0.4632
    0.350    40.0    257    0.6101    0.8073    0.6470    0.5288    0.4573
    0.350    45.0    235    0.6051    0.8122    0.6485    0.5166    0.4431
    0.350    50.0    215    0.5936    0.8110    0.6488    0.5069    0.4076
    0.500    30.0    318    0.6051    0.8014    0.6385    0.5174    0.4632
    0.500    40.0    254    0.6120    0.8093    0.6485    0.5296    0.4605
    0.500    45.0    234    0.6139    0.8113    0.6523    0.5327    0.4594
    0.500    50.0    215    0.6088    0.8105    0.6505    0.5325    0.4416
    0.700    30.0    318    0.6051    0.8014    0.6385    0.5174    0.4632
    0.700    40.0    254    0.6120    0.8093    0.6485    0.5296    0.4605
    0.700    45.0    234    0.6139    0.8113    0.6523    0.5327    0.4594
    0.700    50.0    215    0.6088    0.8105    0.6505    0.5325    0.4416
  best: alpha=0.2, dt_max=40 (258 steps) -> score 0.6170
[schedule] psi0 = -0.4: alpha = 0.2, dt_max = 40  (tuned on 10 validation seeds)
[rollout] psi0m0.40: l=128 psi0=-0.4, 50 seeds, schedule psi0 = -0.4
[rollout] psi0m0.40: 10/50 seeds (255 steps each)
[rollout] psi0m0.40: 20/50 seeds (255 steps each)
[rollout] psi0m0.40: 30/50 seeds (255 steps each)
[rollout] psi0m0.40: 40/50 seeds (255 steps each)
[rollout] psi0m0.40: 50/50 seeds (255 steps each)

[tuning] stride schedule for psi0 = -0.2 on 10 validation seed(s) [31337, 24601, 8675309, 20250, 42424, 90210, 23571, 55555, 48151, 62831] (held out of the reported test set)
[tuning] score = mean R2 at t = 2500, 5000, 7500, 10000; a fixed grid, so schedules of different length stay comparable
    alpha  dt_max  steps     score  R2(2500)  R2(5000)  R2(7500) R2(10000)
    0.100    30.0    323    0.7166    0.8783    0.7631    0.6561    0.5689
    0.100    40.0    264    0.7213    0.8882    0.7651    0.6596    0.5721
    0.100    45.0    243    0.7348    0.8940    0.7767    0.6763    0.5920
    0.100    50.0    224    0.7429    0.8993    0.7864    0.6826    0.6034
    0.200    30.0    319    0.7073    0.8745    0.7539    0.6375    0.5633
    0.200    40.0    258    0.6689    0.8446    0.7159    0.6110    0.5043
    0.200    45.0    235    0.6808    0.8506    0.7273    0.6207    0.5245
    0.200    50.0    217    0.6912    0.8548    0.7365    0.6316    0.5420
    0.350    30.0    318    0.6940    0.8731    0.7437    0.6226    0.5366
    0.350    40.0    257    0.6595    0.8509    0.7096    0.5937    0.4836
    0.350    45.0    235    0.6643    0.8507    0.7167    0.5993    0.4907
    0.350    50.0    215    0.7006    0.8629    0.7442    0.6395    0.5559
    0.500    30.0    318    0.6940    0.8731    0.7437    0.6226    0.5366
    0.500    40.0    254    0.6608    0.8504    0.7112    0.5954    0.4862
    0.500    45.0    234    0.6562    0.8538    0.7172    0.5823    0.4714
    0.500    50.0    215    0.6795    0.8582    0.7296    0.6081    0.5220
    0.700    30.0    318    0.6940    0.8731    0.7437    0.6226    0.5366
    0.700    40.0    254    0.6608    0.8504    0.7112    0.5954    0.4862
    0.700    45.0    234    0.6562    0.8538    0.7172    0.5823    0.4714
    0.700    50.0    215    0.6795    0.8582    0.7296    0.6081    0.5220
  best: alpha=0.1, dt_max=50 (224 steps) -> score 0.7429
  [warn] dt_max sits at the top of the grid. Longer strides keep winning because they compound the per-step bias fewer times; do not widen the grid beyond the dt_max the model trained on or the step itself becomes an extrapolation.
  [warn] alpha sits at the bottom of the grid
[schedule] psi0 = -0.2: alpha = 0.1, dt_max = 50  (tuned on 10 validation seeds)
[rollout] psi0m0.20: l=128 psi0=-0.2, 50 seeds, schedule psi0 = -0.2
[rollout] psi0m0.20: 10/50 seeds (222 steps each)
[rollout] psi0m0.20: 20/50 seeds (222 steps each)
[rollout] psi0m0.20: 30/50 seeds (222 steps each)
[rollout] psi0m0.20: 40/50 seeds (222 steps each)
[rollout] psi0m0.20: 50/50 seeds (222 steps each)

[tuning] stride schedule for psi0 = +0.0 on 10 validation seed(s) [31337, 24601, 8675309, 20250, 42424, 90210, 23571, 55555, 48151, 62831] (held out of the reported test set)
[tuning] score = mean R2 at t = 2500, 5000, 7500, 10000; a fixed grid, so schedules of different length stay comparable
    alpha  dt_max  steps     score  R2(2500)  R2(5000)  R2(7500) R2(10000)
    0.100    30.0    323    0.8410    0.9455    0.8715    0.8013    0.7455
    0.100    40.0    264    0.8457    0.9456    0.8737    0.8065    0.7569
    0.100    45.0    243    0.8551    0.9460    0.8774    0.8219    0.7750
    0.100    50.0    224    0.8624    0.9480    0.8848    0.8305    0.7865
    0.200    30.0    319    0.8284    0.9352    0.8582    0.7876    0.7325
    0.200    40.0    258    0.8319    0.9350    0.8600    0.7915    0.7412
    0.200    45.0    235    0.8401    0.9354    0.8645    0.8052    0.7553
    0.200    50.0    217    0.8464    0.9375    0.8708    0.8125    0.7648
    0.350    30.0    318    0.8174    0.9187    0.8381    0.7810    0.7317
    0.350    40.0    257    0.8215    0.9185    0.8399    0.7854    0.7423
    0.350    45.0    235    0.8244    0.9094    0.8383    0.7960    0.7539
    0.350    50.0    215    0.8288    0.9093    0.8429    0.8020    0.7611
    0.500    30.0    318    0.8174    0.9187    0.8381    0.7810    0.7317
    0.500    40.0    254    0.8163    0.9092    0.8339    0.7820    0.7402
    0.500    45.0    234    0.8188    0.9016    0.8324    0.7915    0.7497
    0.500    50.0    215    0.7781    0.8794    0.7953    0.7447    0.6931
    0.700    30.0    318    0.8174    0.9187    0.8381    0.7810    0.7317
    0.700    40.0    254    0.8163    0.9092    0.8339    0.7820    0.7402
    0.700    45.0    234    0.8188    0.9016    0.8324    0.7915    0.7497
    0.700    50.0    215    0.7781    0.8794    0.7953    0.7447    0.6931
  best: alpha=0.1, dt_max=50 (224 steps) -> score 0.8624
  [warn] dt_max sits at the top of the grid. Longer strides keep winning because they compound the per-step bias fewer times; do not widen the grid beyond the dt_max the model trained on or the step itself becomes an extrapolation.
  [warn] alpha sits at the bottom of the grid
[schedule] psi0 = +0.0: alpha = 0.1, dt_max = 50  (tuned on 10 validation seeds)
[rollout] psi0p0.00: l=128 psi0=+0.0, 50 seeds, schedule psi0 = +0.0
[rollout] psi0p0.00: 10/50 seeds (222 steps each)
[rollout] psi0p0.00: 20/50 seeds (222 steps each)
[rollout] psi0p0.00: 30/50 seeds (222 steps each)
[rollout] psi0p0.00: 40/50 seeds (222 steps each)
[rollout] psi0p0.00: 50/50 seeds (222 steps each)

[tuning] stride schedule for psi0 = +0.2 on 10 validation seed(s) [31337, 24601, 8675309, 20250, 42424, 90210, 23571, 55555, 48151, 62831] (held out of the reported test set)
[tuning] score = mean R2 at t = 2500, 5000, 7500, 10000; a fixed grid, so schedules of different length stay comparable
    alpha  dt_max  steps     score  R2(2500)  R2(5000)  R2(7500) R2(10000)
    0.100    30.0    323    0.6853    0.8935    0.7319    0.5849    0.5310
    0.100    40.0    264    0.6929    0.8950    0.7381    0.5958    0.5425
    0.100    45.0    243    0.7011    0.8978    0.7475    0.6063    0.5527
    0.100    50.0    224    0.7139    0.9020    0.7601    0.6244    0.5691
    0.200    30.0    319    0.5968    0.8399    0.6525    0.4801    0.4146
    0.200    40.0    258    0.5828    0.8142    0.6418    0.4689    0.4062
    0.200    45.0    235    0.5896    0.8168    0.6515    0.4762    0.4138
    0.200    50.0    217    0.5992    0.8211    0.6602    0.4898    0.4256
    0.350    30.0    318    0.6166    0.8547    0.6780    0.5031    0.4306
    0.350    40.0    257    0.5686    0.8057    0.6333    0.4528    0.3828
    0.350    45.0    235    0.5786    0.8057    0.6450    0.4659    0.3977
    0.350    50.0    215    0.5887    0.8088    0.6541    0.4812    0.4109
    0.500    30.0    318    0.6166    0.8547    0.6780    0.5031    0.4306
    0.500    40.0    254    0.5906    0.8212    0.6594    0.4783    0.4037
    0.500    45.0    234    0.5729    0.8072    0.6402    0.4577    0.3866
    0.500    50.0    215    0.5836    0.8122    0.6493    0.4733    0.3996
    0.700    30.0    318    0.6166    0.8547    0.6780    0.5031    0.4306
    0.700    40.0    254    0.5906    0.8212    0.6594    0.4783    0.4037
    0.700    45.0    234    0.5729    0.8072    0.6402    0.4577    0.3866
    0.700    50.0    215    0.5836    0.8122    0.6493    0.4733    0.3996
  best: alpha=0.1, dt_max=50 (224 steps) -> score 0.7139
  [warn] dt_max sits at the top of the grid. Longer strides keep winning because they compound the per-step bias fewer times; do not widen the grid beyond the dt_max the model trained on or the step itself becomes an extrapolation.
  [warn] alpha sits at the bottom of the grid
[schedule] psi0 = +0.2: alpha = 0.1, dt_max = 50  (tuned on 10 validation seeds)
[rollout] psi0p0.20: l=128 psi0=+0.2, 50 seeds, schedule psi0 = +0.2
[rollout] psi0p0.20: 10/50 seeds (222 steps each)
[rollout] psi0p0.20: 20/50 seeds (222 steps each)
[rollout] psi0p0.20: 30/50 seeds (222 steps each)
[rollout] psi0p0.20: 40/50 seeds (222 steps each)
[rollout] psi0p0.20: 50/50 seeds (222 steps each)

[tuning] stride schedule for psi0 = +0.4 on 10 validation seed(s) [31337, 24601, 8675309, 20250, 42424, 90210, 23571, 55555, 48151, 62831] (held out of the reported test set)
[tuning] score = mean R2 at t = 2500, 5000, 7500, 10000; a fixed grid, so schedules of different length stay comparable
    alpha  dt_max  steps     score  R2(2500)  R2(5000)  R2(7500) R2(10000)
    0.100    30.0    323    0.7220    0.8948    0.7573    0.6623    0.5734
    0.100    40.0    264    0.7245    0.8926    0.7580    0.6620    0.5852
    0.100    45.0    243    0.7258    0.8916    0.7606    0.6659    0.5853
    0.100    50.0    224    0.7194    0.8907    0.7625    0.6616    0.5629
    0.200    30.0    319    0.6722    0.8575    0.6993    0.6062    0.5258
    0.200    40.0    258    0.6669    0.8555    0.6851    0.5983    0.5285
    0.200    45.0    235    0.6646    0.8543    0.6862    0.5944    0.5234
    0.200    50.0    217    0.6671    0.8530    0.6876    0.6008    0.5272
    0.350    30.0    318    0.6695    0.8570    0.6891    0.6066    0.5254
    0.350    40.0    257    0.6580    0.8579    0.6772    0.5826    0.5142
    0.350    45.0    235    0.6566    0.8548    0.6766    0.5800    0.5149
    0.350    50.0    215    0.6540    0.8530    0.6733    0.5795    0.5102
    0.500    30.0    318    0.6695    0.8570    0.6891    0.6066    0.5254
    0.500    40.0    254    0.6585    0.8592    0.6771    0.5818    0.5160
    0.500    45.0    234    0.6491    0.8528    0.6736    0.5709    0.4991
    0.500    50.0    215    0.6477    0.8415    0.6809    0.5779    0.4905
    0.700    30.0    318    0.6695    0.8570    0.6891    0.6066    0.5254
    0.700    40.0    254    0.6585    0.8592    0.6771    0.5818    0.5160
    0.700    45.0    234    0.6491    0.8528    0.6736    0.5709    0.4991
    0.700    50.0    215    0.6477    0.8415    0.6809    0.5779    0.4905
  best: alpha=0.1, dt_max=45 (243 steps) -> score 0.7258
  [warn] alpha sits at the bottom of the grid
[schedule] psi0 = +0.4: alpha = 0.1, dt_max = 45  (tuned on 10 validation seeds)
[rollout] psi0p0.40: l=128 psi0=+0.4, 50 seeds, schedule psi0 = +0.4
[rollout] psi0p0.40: 10/50 seeds (240 steps each)
[rollout] psi0p0.40: 20/50 seeds (240 steps each)
[rollout] psi0p0.40: 30/50 seeds (240 steps each)
[rollout] psi0p0.40: 40/50 seeds (240 steps each)
[rollout] psi0p0.40: 50/50 seeds (240 steps each)
[rollout] l160: l=160 psi0=+0.0, 50 seeds, schedule psi0 = +0.0
[rollout] l160: 6/50 seeds (222 steps each)
[rollout] l160: 12/50 seeds (222 steps each)
[rollout] l160: 18/50 seeds (222 steps each)
[rollout] l160: 24/50 seeds (222 steps each)
[rollout] l160: 30/50 seeds (222 steps each)
[rollout] l160: 36/50 seeds (222 steps each)
[rollout] l160: 42/50 seeds (222 steps each)
[rollout] l160: 48/50 seeds (222 steps each)
[rollout] l160: 50/50 seeds (222 steps each)
[rollout] l192: l=192 psi0=+0.0, 50 seeds, schedule psi0 = +0.0
[rollout] l192: 4/50 seeds (222 steps each)
[rollout] l192: 8/50 seeds (222 steps each)
[rollout] l192: 12/50 seeds (222 steps each)
[rollout] l192: 16/50 seeds (222 steps each)
[rollout] l192: 20/50 seeds (222 steps each)
[rollout] l192: 24/50 seeds (222 steps each)
[rollout] l192: 28/50 seeds (222 steps each)
[rollout] l192: 32/50 seeds (222 steps each)
[rollout] l192: 36/50 seeds (222 steps each)
[rollout] l192: 40/50 seeds (222 steps each)
[rollout] l192: 44/50 seeds (222 steps each)
[rollout] l192: 48/50 seeds (222 steps each)
[rollout] l192: 50/50 seeds (222 steps each)
[rollout] l256: l=256 psi0=+0.0, 50 seeds, schedule psi0 = +0.0
[rollout] l256: 2/50 seeds (222 steps each)
[rollout] l256: 4/50 seeds (222 steps each)
[rollout] l256: 6/50 seeds (222 steps each)
[rollout] l256: 8/50 seeds (222 steps each)
[rollout] l256: 10/50 seeds (222 steps each)
[rollout] l256: 12/50 seeds (222 steps each)
[rollout] l256: 14/50 seeds (222 steps each)
[rollout] l256: 16/50 seeds (222 steps each)
[rollout] l256: 18/50 seeds (222 steps each)
[rollout] l256: 20/50 seeds (222 steps each)
[rollout] l256: 22/50 seeds (222 steps each)
[rollout] l256: 24/50 seeds (222 steps each)
[rollout] l256: 26/50 seeds (222 steps each)
[rollout] l256: 28/50 seeds (222 steps each)
[rollout] l256: 30/50 seeds (222 steps each)
[rollout] l256: 32/50 seeds (222 steps each)
[rollout] l256: 34/50 seeds (222 steps each)
[rollout] l256: 36/50 seeds (222 steps each)
[rollout] l256: 38/50 seeds (222 steps each)
[rollout] l256: 40/50 seeds (222 steps each)
[rollout] l256: 42/50 seeds (222 steps each)
[rollout] l256: 44/50 seeds (222 steps each)
[rollout] l256: 46/50 seeds (222 steps each)
[rollout] l256: 48/50 seeds (222 steps each)
[rollout] l256: 50/50 seeds (222 steps each)

[summary] train_t0300_lap_pred_t10000: l = 128 (+ boxes), t = 100 -> 10000
        case  alpha  dt_max  steps            mean R2           final R2     R2 >= thr to t n never   n_pred
   psi0m0.40   0.20    40.0    255    0.7086 +-0.1350    0.4894 +-0.2313        3554 +-1641   0/50    0.2598
   psi0m0.20   0.10    50.0    222    0.7541 +-0.1119    0.5198 +-0.2037        4569 +-2098   0/50    0.2387
   psi0p0.00   0.10    50.0    222    0.8819 +-0.0732    0.7702 +-0.1235        8135 +-2681  25/50    0.3458
   psi0p0.20   0.10    50.0    222    0.7507 +-0.1166    0.5142 +-0.2169        4329 +-2458   1/50    0.2470
   psi0p0.40   0.10    45.0    240    0.7456 +-0.1129    0.5312 +-0.2289        4046 +-1993   2/50    0.2824
        l160   0.10    50.0    222    0.9044 +-0.0649    0.8155 +-0.1277        8847 +-2113  35/50    0.3488
        l192   0.10    50.0    222    0.8838 +-0.0710    0.7646 +-0.1314        8309 +-2435  28/50    0.3690
        l256   0.10    50.0    222    0.9039 +-0.0286    0.8076 +-0.0518        9312 +-1131  29/50    0.3605
  best psi0p0.00 (mean R2 0.8819), worst psi0m0.40 (mean R2 0.7086)
[diagnostic] reference trajectory gt_l128_off+0.0_seed31337_t100-10000_ev4.npz

[diagnostic] 64 -> 128 TRANSFER
  tile invariance |model(tile) - tile(model)| = 6.523e-06   PASS
  one-step R^2 at l=128 (training only ever saw t <= 299)
         t0     dt     UNO R2  persistence      gain
        100    4.0    0.99999      0.99721  +0.00278
        100   20.0    0.99973      0.94469  +0.05505
        100   40.0    0.99860      0.83902  +0.15957
       1000    4.0    1.00000      0.99997  +0.00003   <- extrapolated in t
       1000   20.0    0.99997      0.99920  +0.00077   <- extrapolated in t
       1000   40.0    0.99987      0.99686  +0.00302   <- extrapolated in t
       1900    4.0    1.00000      0.99999  +0.00001   <- extrapolated in t
       1900   20.0    0.99997      0.99965  +0.00032   <- extrapolated in t
       1900   40.0    0.99987      0.99861  +0.00127   <- extrapolated in t
       2731    4.0    1.00000      0.99999  +0.00001   <- extrapolated in t
       2731   20.0    0.99997      0.99981  +0.00016   <- extrapolated in t
       2731   40.0    0.99988      0.99926  +0.00063   <- extrapolated in t
       3730    8.0    1.00000      0.99999  +0.00001   <- extrapolated in t
       3730   20.0    0.99997      0.99992  +0.00005   <- extrapolated in t
       3730   40.0    0.99987      0.99968  +0.00019   <- extrapolated in t
       5094    8.0    1.00000      0.99999  +0.00000   <- extrapolated in t
       5094   20.0    0.99996      0.99996  +0.00001   <- extrapolated in t
       5094   40.0    0.99986      0.99982  +0.00004   <- extrapolated in t
       6956    4.0    1.00000      1.00000  +0.00000   <- extrapolated in t
       6956   20.0    0.99996      0.99996  +0.00000   <- extrapolated in t
       6956   40.0    0.99987      0.99983  +0.00003   <- extrapolated in t
       9500    4.0    1.00000      1.00000  -0.00000   <- extrapolated in t
       9500   20.0    0.99996      0.99998  -0.00002   <- extrapolated in t
       9500   40.0    0.99988      0.99992  -0.00004   <- extrapolated in t

[diagnostic] INTRINSIC PREDICTABILITY (exact solver)
   rel. perturb   R2(t=2500)   R2(t=5000)  R2(t=10000)
        1.0e-04      1.00000      1.00000      1.00000
        1.0e-03      1.00000      1.00000      1.00000
        1.0e-02      0.99998      0.99999      0.99999

[diagnostic] PER-STEP COARSENING BIAS (continuous 'moment' estimator)
  training data ends at t = 300 (checkpoint)
        t    dt   L_truth   dL_truth   dL_model   bias %  in train range
      100    20     13.95     0.8093     0.7786     -3.8  yes
      150    20     15.67     0.5438     0.5171     -4.9  yes
      200    20     16.95     0.4068     0.3866     -5.0  yes
      300    20     18.76     0.3146     0.2937     -6.6  yes
      400    20     20.24     0.2784     0.2557     -8.1  NO -- extrapolated
      600    20     22.94     0.2594     0.2327    -10.3  NO -- extrapolated
      800    20     25.19     0.2019     0.1732    -14.2  NO -- extrapolated
     1100    20     27.74     0.1484     0.1162    -21.7  NO -- extrapolated
     1400    20     29.98     0.1612     0.1243    -22.9  NO -- extrapolated
     1700    20     32.02     0.1125     0.0760    -32.4  NO -- extrapolated
     1900    20     33.14     0.1120     0.0742    -33.7  NO -- extrapolated
     2731    28     37.14     0.0989     0.0564    -42.9  NO -- extrapolated
     3730    40     39.84     0.0806     0.0328    -59.3  NO -- extrapolated
     5094    52     42.07     0.0780     0.0025    -96.8  NO -- extrapolated
     6956    48     45.06     0.0776    -0.0133   -117.1  NO -- extrapolated
     9500    48     48.26     0.0385    -0.0550   -242.9  NO -- extrapolated
  mean bias inside  training range (4 pts): -5.1 %
  mean bias outside training range (12 pts): -58.5 %

[diagnostic] LOW-k INCREMENT GAIN (teacher-forced, per shell)
  psi0 = +0.0, l = 128, 10 seed(s), dt = 48; below = the 8 modes |n| = 1, sqrt2 (k < the training box's 2 pi/64), first = |n| in [2, 2.9], mid = [3, 8], high = rest
       t0    below    first      mid     high
      500    0.775    0.868    0.962    0.981
     1000    0.770    0.842    0.959    1.045
     2000    0.778    0.789    0.999    1.153
     5000    0.840    0.530    1.371    1.529

[diagnostic] SPEEDUP vs the explicit solver
  solver: 990,000 explicit steps of dt=0.01 -> 209.5s per trajectory (one at a time, measured on 2000 steps)
  UNO:    222 autoregressive steps -> 2.324s per trajectory (one at a time)
                                      0.747s per trajectory (amortised over a batch of 10)
  speedup 90x like-for-like, 280x batched (4459x fewer steps)
  quote the like-for-like number: the solver probe is unbatched too. Both compare against the explicit dt=0.01 scheme, not a semi-implicit spectral solver, which would need far fewer steps.

[results] wrote Work/predict/train_t0300_lap_pred_t10000/results.json

[draw] train_t0300_lap_pred_t10000 -> Results/train_t0300_lap_pred_t10000
[draw]   psi0m0.40: R2(10000) = 0.4894 +- 0.2313, best seed 48417
[draw]   psi0m0.20: R2(10000) = 0.5198 +- 0.2037, best seed 99999
[draw]   psi0p0.00: R2(10000) = 0.7702 +- 0.1235, best seed 85507
[draw]   psi0p0.20: R2(10000) = 0.5142 +- 0.2169, best seed 33052
[draw]   psi0p0.40: R2(10000) = 0.5312 +- 0.2289, best seed 35064
[draw]   l160: R2(10000) = 0.8155 +- 0.1277, best seed 34617
[draw]   l192: R2(10000) = 0.7646 +- 0.1314, best seed 28096
[draw]   l256: R2(10000) = 0.8076 +- 0.0518, best seed 31458
[draw] comparison.png: 5 runs
[draw] done: 1 run folder(s) drawn, README.md lists 5 run(s) in Results/

[done] total 2471.6s | 17,901,252 parameters | report -> Results/train_t0300_lap_pred_t10000

======================= SUBMISSION =======================
[draw] train_t0300_pred_t10000 -> Results/train_t0300_pred_t10000
[draw]   psi0m0.40: R2(10000) = 0.2073 +- 0.2815, best seed 54464
[draw]   psi0m0.20: R2(10000) = 0.1841 +- 0.3190, best seed 61803
[draw]   psi0p0.00: R2(10000) = 0.6229 +- 0.2201, best seed 36963
[draw]   psi0p0.20: R2(10000) = 0.2094 +- 0.2837, best seed 92280
[draw]   psi0p0.40: R2(10000) = 0.1127 +- 0.2972, best seed 99999
[draw]   l160: R2(10000) = 0.5719 +- 0.1739, best seed 22911
[draw]   l192: R2(10000) = 0.4997 +- 0.1775, best seed 51170
[draw]   l256: R2(10000) = 0.4714 +- 0.0932, best seed 57721
[draw] train_t0300_lap_pred_t10000 -> Results/train_t0300_lap_pred_t10000
[draw]   psi0m0.40: R2(10000) = 0.4894 +- 0.2313, best seed 48417
[draw]   psi0m0.20: R2(10000) = 0.5198 +- 0.2037, best seed 99999
[draw]   psi0p0.00: R2(10000) = 0.7702 +- 0.1235, best seed 85507
[draw]   psi0p0.20: R2(10000) = 0.5142 +- 0.2169, best seed 33052
[draw]   psi0p0.40: R2(10000) = 0.5312 +- 0.2289, best seed 35064
[draw]   l160: R2(10000) = 0.8155 +- 0.1277, best seed 34617
[draw]   l192: R2(10000) = 0.7646 +- 0.1314, best seed 28096
[draw]   l256: R2(10000) = 0.8076 +- 0.0518, best seed 31458
[draw] train_t0500_pred_t10000 -> Results/train_t0500_pred_t10000
[draw]   psi0m0.40: R2(10000) = -0.1522 +- 0.3170, best seed 31458
[draw]   psi0m0.20: R2(10000) = -0.4114 +- 0.2659, best seed 68620
[draw]   psi0p0.00: R2(10000) = 0.1759 +- 0.2574, best seed 48417
[draw]   psi0p0.20: R2(10000) = -0.3787 +- 0.2474, best seed 52066
[draw]   psi0p0.40: R2(10000) = -0.4941 +- 0.3616, best seed 99999
[draw]   l160: R2(10000) = 0.1371 +- 0.1798, best seed 57721
[draw]   l192: R2(10000) = 0.1063 +- 0.1874, best seed 84331
[draw]   l256: R2(10000) = 0.0629 +- 0.1336, best seed 98895
[draw] train_t0500_lap_pred_t10000 -> Results/train_t0500_lap_pred_t10000
[draw]   psi0m0.40: R2(10000) = 0.6588 +- 0.1970, best seed 98895
[draw]   psi0m0.20: R2(10000) = 0.6797 +- 0.1978, best seed 99999
[draw]   psi0p0.00: R2(10000) = 0.8279 +- 0.1185, best seed 48417
[draw]   psi0p0.20: R2(10000) = 0.6691 +- 0.2580, best seed 92280
[draw]   psi0p0.40: R2(10000) = 0.6882 +- 0.2065, best seed 35064
[draw]   l160: R2(10000) = 0.8204 +- 0.0902, best seed 34617
[draw]   l192: R2(10000) = 0.7640 +- 0.1156, best seed 76214
[draw]   l256: R2(10000) = 0.7898 +- 0.0674, best seed 31415
[draw] train_t1000_pred_t10000 -> Results/train_t1000_pred_t10000
[draw]   psi0m0.40: R2(10000) = -0.5367 +- 0.2839, best seed 31458
[draw]   psi0m0.20: R2(10000) = -0.5926 +- 0.2428, best seed 27924
[draw]   psi0p0.00: R2(10000) = 0.0100 +- 0.2564, best seed 48417
[draw]   psi0p0.20: R2(10000) = -0.5147 +- 0.2186, best seed 29935
[draw]   psi0p0.40: R2(10000) = -0.6543 +- 0.2716, best seed 28096
[draw]   l160: R2(10000) = -0.0034 +- 0.1788, best seed 84331
[draw]   l192: R2(10000) = -0.0363 +- 0.1794, best seed 43125
[draw]   l256: R2(10000) = -0.0867 +- 0.1445, best seed 29935
[draw] comparison.png: 5 runs
[draw] done: 5 run folder(s) drawn, README.md lists 5 run(s) in Results/

Job finished at Wed Oct  7 22:11:43 IST 2026
