Job started on gpu1 at Wed Oct  7 22:14:38 IST 2026
Python Path: /iitjhome/m25ph1006/chc_uno_v1/env/bin/python
CUDA Available Devices: 0
PyTorch GPU Available: True
Device Name: NVIDIA A100-SXM4-40GB
======================= TRAINING =======================
==============================================================================
 UNO / Cahn-Hilliard -- TRAINING   2026-10-07 22:14:44
==============================================================================
[setup] END = 1000  variant lap  data Work/data/test_t1000.npz  validation to t = 10000
[setup] NVIDIA A100-SXM4-40GB, 42.4 GB, torch 2.13.0+cu126
[setup] device=cuda:0 precision=fp32 dtype=torch.float32 world_size=1
[setup] model dir -> /iitjhome/m25ph1006/chc_uno_v1/Work/models/train_t1000_lap
[data] reading Work/data/test_t1000.npz (16.37 GB on disk)
[data] Work/data/test_t1000.npz -> training data ends at t = 1000  train_X (20, 9990, 64, 64)
[data] train (20, 9990, 64, 64)  val (5, 9990, 64, 64)  float32, 3.27 GB
[data] train_off=all -> trajectories [0, 1, 2, 3, 4, 5, 6, 7, 8, 9, 10, 11, 12, 13, 14, 15, 16, 17, 18, 19] (off=[-0.4, -0.2, 0.0, 0.2, 0.4])
[data] sign-flip augmentation on, sampling from cuda:0
[val] l=128 ground truth to t=10000 for seeds [31337, 24601, 8675309, 20250, 42424, 90210, 23571, 55555, 48151, 62831] in Work/gt_cache
[val] lowk g = increment gain of the 8 lowest modes / the first trained shell at t0 = [1000.0, 2000.0], dt = 48 (logged only, not used for selection)
[model] 17,901,252 parameters, modes/level [20, 10, 5, 2], dtype=torch.float32
[model] conserve_mass=True laplacian_output=True dt_conditioned=True residual_prediction=True
[data] max trainable dt by unroll: 1 -> 50.0, 2 -> 50.0, 4 -> 50.0
[resume] no uno_ch_state.pt in /iitjhome/m25ph1006/chc_uno_v1/Work/models/train_t1000_lap; training from epoch 1
[setup] early stopping disabled (patience=0); the no-gain counter is still logged, so the epoch any patience would have fired at can be read straight off the log
epoch   1/60 | unroll  1 | train 0.09252 | val1 0.02229 | d/psi 0.0415 | lr 3.00e-03 | 27.7s (138 ms/step)
epoch   2/60 | unroll  1 | train 0.02425 | val1 0.01422 | d/psi 0.0568 | lr 3.00e-03 | 21.6s (108 ms/step) | rollout -0.4144 | in-range R2 0.0943 (t <= 2000) | survives t=  147.5 [147, 147, 145, 147, 149, 150, 147, 149, 145, 149] | lowk g 0.00/0.00@1000 0.00/0.00@2000  <- best
epoch   3/60 | unroll  1 | train 0.01486 | val1 0.03085 | d/psi 0.0584 | lr 2.99e-03 | 21.6s (108 ms/step)
epoch   4/60 | unroll  1 | train 0.01224 | val1 0.01302 | d/psi 0.0597 | lr 2.98e-03 | 21.6s (108 ms/step) | rollout -0.6091 | in-range R2 0.0975 (t <= 2000) | survives t=  149.1 [149, 149, 146, 149, 150, 152, 149, 150, 147, 150] | lowk g 0.01/0.03@1000 0.01/0.04@2000  <- best
[stage] unroll -> 2; max trainable dt 50.0
epoch   5/60 | unroll  2 | train 0.01405 | val1 0.01659 | d/psi 0.0631 | lr 1.93e-03 | 25.5s (127 ms/step)
epoch   6/60 | unroll  2 | train 0.01299 | val1 0.01444 | d/psi 0.0629 | lr 1.92e-03 | 23.8s (119 ms/step) | rollout -0.5554 | in-range R2 0.1122 (t <= 2000) | survives t=  155.0 [155, 154, 152, 155, 157, 158, 153, 156, 153, 156] | lowk g 0.05/0.09@1000 0.05/0.13@2000  <- best
epoch   7/60 | unroll  2 | train 0.01120 | val1 0.01181 | d/psi 0.0611 | lr 1.90e-03 | 23.9s (119 ms/step)
epoch   8/60 | unroll  2 | train 0.01040 | val1 0.01698 | d/psi 0.0615 | lr 1.88e-03 | 23.9s (119 ms/step) | rollout -0.2600 | in-range R2 0.1616 (t <= 2000) | survives t=  169.3 [170, 167, 164, 170, 173, 171, 164, 172, 171, 170] | lowk g 0.12/0.21@1000 0.13/0.27@2000  <- best
epoch   9/60 | unroll  2 | train 0.00931 | val1 0.00641 | d/psi 0.0605 | lr 1.86e-03 | 23.9s (120 ms/step)
epoch  10/60 | unroll  2 | train 0.00921 | val1 0.00590 | d/psi 0.0618 | lr 1.84e-03 | 23.9s (120 ms/step) | rollout 0.0630 | in-range R2 0.3364 (t <= 2000) | survives t=  202.7 [206, 197, 192, 209, 206, 202, 187, 211, 214, 202] | lowk g 0.22/0.34@1000 0.23/0.42@2000  <- best
epoch  11/60 | unroll  2 | train 0.00864 | val1 0.00534 | d/psi 0.0607 | lr 1.82e-03 | 23.9s (119 ms/step)
[stage] unroll -> 4; max trainable dt 50.0
epoch  12/60 | unroll  4 | train 0.01361 | val1 0.00209 | d/psi 0.0646 | lr 1.16e-03 | 31.2s (156 ms/step) | rollout 0.3742 | in-range R2 0.5625 (t <= 2000) | survives t=  280.2 [295, 256, 251, 306, 267, 265, 246, 327, 304, 284] | lowk g 0.33/0.48@1000 0.34/0.57@2000  <- best
epoch  13/60 | unroll  4 | train 0.01276 | val1 0.00277 | d/psi 0.0650 | lr 1.14e-03 | 30.2s (151 ms/step)
epoch  14/60 | unroll  4 | train 0.01259 | val1 0.00201 | d/psi 0.0629 | lr 1.12e-03 | 30.3s (151 ms/step) | rollout 0.5733 | in-range R2 0.7181 (t <= 2000) | survives t=  477.1 [460, 372, 409, 470, 570, 457, 537, 531, 441, 526] | lowk g 0.43/0.60@1000 0.44/0.68@2000  <- best
epoch  15/60 | unroll  4 | train 0.01185 | val1 0.00193 | d/psi 0.0666 | lr 1.10e-03 | 30.3s (151 ms/step)
epoch  16/60 | unroll  4 | train 0.01153 | val1 0.00149 | d/psi 0.0623 | lr 1.08e-03 | 30.3s (152 ms/step) | rollout 0.7314 | in-range R2 0.8305 (t <= 2000) | survives t= 1281.2 [1137, 569, 900, 1517, 1105, 1142, 1089, 1043, 1989, 2322] | lowk g 0.52/0.71@1000 0.53/0.77@2000  <- best
epoch  17/60 | unroll  4 | train 0.01260 | val1 0.00106 | d/psi 0.0647 | lr 1.05e-03 | 30.4s (152 ms/step)
epoch  18/60 | unroll  4 | train 0.01167 | val1 0.00046 | d/psi 0.0664 | lr 1.03e-03 | 30.3s (152 ms/step) | rollout 0.8142 | in-range R2 0.8985 (t <= 2000) | survives t= 6346.1 [1709, 1884, 1639, 4104, 9197, 8944, 8418, 10000, 7567, 10000] | lowk g 0.58/0.78@1000 0.60/0.83@2000  <- best
epoch  19/60 | unroll  4 | train 0.01128 | val1 0.00035 | d/psi 0.0657 | lr 9.99e-04 | 30.3s (151 ms/step)
epoch  20/60 | unroll  4 | train 0.01033 | val1 0.00059 | d/psi 0.0636 | lr 9.71e-04 | 30.2s (151 ms/step) | rollout 0.8660 | in-range R2 0.9307 (t <= 2000) | survives t= 7853.3 [2184, 4094, 2256, 10000, 10000, 10000, 10000, 10000, 10000, 10000] | lowk g 0.64/0.83@1000 0.65/0.87@2000  <- best
epoch  21/60 | unroll  4 | train 0.01090 | val1 0.00021 | d/psi 0.0637 | lr 9.42e-04 | 30.3s (152 ms/step)
epoch  22/60 | unroll  4 | train 0.00918 | val1 0.00040 | d/psi 0.0669 | lr 9.12e-04 | 30.3s (151 ms/step) | rollout 0.8950 | in-range R2 0.9545 (t <= 2000) | survives t= 8637.0 [2492, 3879, 10000, 10000, 10000, 10000, 10000, 10000, 10000, 10000] | lowk g 0.68/0.87@1000 0.70/0.90@2000  <- best
epoch  23/60 | unroll  4 | train 0.00960 | val1 0.00025 | d/psi 0.0627 | lr 8.81e-04 | 30.3s (151 ms/step)
epoch  24/60 | unroll  4 | train 0.00938 | val1 0.00075 | d/psi 0.0636 | lr 8.50e-04 | 30.2s (151 ms/step) | rollout 0.9131 | in-range R2 0.9661 (t <= 2000) | survives t= 8722.3 [2903, 4320, 10000, 10000, 10000, 10000, 10000, 10000, 10000, 10000] | lowk g 0.70/0.91@1000 0.73/0.92@2000  <- best
epoch  25/60 | unroll  4 | train 0.00938 | val1 0.00018 | d/psi 0.0653 | lr 8.18e-04 | 30.3s (151 ms/step)
epoch  26/60 | unroll  4 | train 0.00906 | val1 0.00023 | d/psi 0.0635 | lr 7.86e-04 | 30.2s (151 ms/step) | rollout 0.9238 | in-range R2 0.9724 (t <= 2000) | survives t= 8792.1 [3373, 4548, 10000, 10000, 10000, 10000, 10000, 10000, 10000, 10000] | lowk g 0.73/0.93@1000 0.76/0.94@2000  <- best
epoch  27/60 | unroll  4 | train 0.00885 | val1 0.00034 | d/psi 0.0615 | lr 7.53e-04 | 30.3s (151 ms/step)
epoch  28/60 | unroll  4 | train 0.00896 | val1 0.00012 | d/psi 0.0646 | lr 7.20e-04 | 30.2s (151 ms/step) | rollout 0.9316 | in-range R2 0.9732 (t <= 2000) | survives t= 8911.5 [3414, 5701, 10000, 10000, 10000, 10000, 10000, 10000, 10000, 10000] | lowk g 0.74/0.95@1000 0.77/0.95@2000  <- best
epoch  29/60 | unroll  4 | train 0.00862 | val1 0.00015 | d/psi 0.0657 | lr 6.86e-04 | 30.2s (151 ms/step)
epoch  30/60 | unroll  4 | train 0.00911 | val1 0.00009 | d/psi 0.0639 | lr 6.53e-04 | 30.2s (151 ms/step) | rollout 0.8999 | in-range R2 0.9728 (t <= 2000) | survives t= 8111.1 [3438, 5704, 10000, 10000, 10000, 1970, 10000, 10000, 10000, 10000] | lowk g 0.76/0.96@1000 0.79/0.96@2000  (no gain 1/off)
epoch  31/60 | unroll  4 | train 0.00824 | val1 0.00008 | d/psi 0.0630 | lr 6.19e-04 | 30.2s (151 ms/step)
epoch  32/60 | unroll  4 | train 0.00790 | val1 0.00018 | d/psi 0.0633 | lr 5.85e-04 | 30.3s (151 ms/step) | rollout 0.8946 | in-range R2 0.9677 (t <= 2000) | survives t= 8114.0 [3440, 5722, 10000, 10000, 10000, 1978, 10000, 10000, 10000, 10000] | lowk g 0.77/0.97@1000 0.80/0.97@2000  (no gain 2/off)
epoch  33/60 | unroll  4 | train 0.00776 | val1 0.00012 | d/psi 0.0636 | lr 5.52e-04 | 30.3s (152 ms/step)
epoch  34/60 | unroll  4 | train 0.00854 | val1 0.00005 | d/psi 0.0620 | lr 5.19e-04 | 30.3s (151 ms/step) | rollout 0.8944 | in-range R2 0.9679 (t <= 2000) | survives t= 8111.1 [3431, 5698, 10000, 10000, 10000, 1982, 10000, 10000, 10000, 10000] | lowk g 0.77/0.98@1000 0.81/0.98@2000  (no gain 3/off)
epoch  35/60 | unroll  4 | train 0.00817 | val1 0.00027 | d/psi 0.0646 | lr 4.86e-04 | 30.3s (151 ms/step)
epoch  36/60 | unroll  4 | train 0.00792 | val1 0.00013 | d/psi 0.0644 | lr 4.54e-04 | 30.4s (152 ms/step) | rollout 0.8941 | in-range R2 0.9682 (t <= 2000) | survives t= 8106.6 [3418, 5666, 10000, 10000, 10000, 1982, 10000, 10000, 10000, 10000] | lowk g 0.78/0.99@1000 0.82/0.99@2000  (no gain 4/off)
epoch  37/60 | unroll  4 | train 0.00734 | val1 0.00054 | d/psi 0.0648 | lr 4.22e-04 | 30.4s (152 ms/step)
epoch  38/60 | unroll  4 | train 0.00812 | val1 0.00016 | d/psi 0.0640 | lr 3.90e-04 | 30.3s (151 ms/step) | rollout 0.8999 | in-range R2 0.9745 (t <= 2000) | survives t= 8102.4 [3408, 5628, 10000, 10000, 10000, 1988, 10000, 10000, 10000, 10000] | lowk g 0.78/0.99@1000 0.82/0.99@2000  (no gain 5/off)
epoch  39/60 | unroll  4 | train 0.00740 | val1 0.00018 | d/psi 0.0653 | lr 3.60e-04 | 30.3s (151 ms/step)
epoch  40/60 | unroll  4 | train 0.00700 | val1 0.00026 | d/psi 0.0653 | lr 3.30e-04 | 30.3s (151 ms/step) | rollout 0.8993 | in-range R2 0.9746 (t <= 2000) | survives t= 8101.3 [3400, 5625, 10000, 10000, 10000, 1988, 10000, 10000, 10000, 10000] | lowk g 0.79/0.99@1000 0.83/0.99@2000  (no gain 6/off)
epoch  41/60 | unroll  4 | train 0.00723 | val1 0.00010 | d/psi 0.0636 | lr 3.01e-04 | 30.3s (151 ms/step)
epoch  42/60 | unroll  4 | train 0.00686 | val1 0.00038 | d/psi 0.0671 | lr 2.73e-04 | 30.2s (151 ms/step) | rollout 0.9399 | in-range R2 0.9824 (t <= 2000) | survives t= 8902.3 [3392, 5631, 10000, 10000, 10000, 10000, 10000, 10000, 10000, 10000] | lowk g 0.79/1.00@1000 0.83/0.99@2000  (no gain 7/off)
epoch  43/60 | unroll  4 | train 0.00725 | val1 0.00045 | d/psi 0.0640 | lr 2.46e-04 | 30.1s (150 ms/step)
epoch  44/60 | unroll  4 | train 0.00693 | val1 0.00028 | d/psi 0.0639 | lr 2.20e-04 | 30.1s (151 ms/step) | rollout 0.9394 | in-range R2 0.9824 (t <= 2000) | survives t= 8902.4 [3394, 5631, 10000, 10000, 10000, 10000, 10000, 10000, 10000, 10000] | lowk g 0.79/1.00@1000 0.83/1.00@2000  (no gain 8/off)
epoch  45/60 | unroll  4 | train 0.00689 | val1 0.00071 | d/psi 0.0642 | lr 1.95e-04 | 30.1s (150 ms/step)
epoch  46/60 | unroll  4 | train 0.00720 | val1 0.00019 | d/psi 0.0674 | lr 1.72e-04 | 30.1s (151 ms/step) | rollout 0.9327 | in-range R2 0.9764 (t <= 2000) | survives t= 8900.3 [3396, 5607, 10000, 10000, 10000, 10000, 10000, 10000, 10000, 10000] | lowk g 0.79/1.00@1000 0.84/1.00@2000  (no gain 9/off)
epoch  47/60 | unroll  4 | train 0.00771 | val1 0.00009 | d/psi 0.0658 | lr 1.50e-04 | 30.1s (151 ms/step)
epoch  48/60 | unroll  4 | train 0.00614 | val1 0.00042 | d/psi 0.0650 | lr 1.29e-04 | 30.1s (151 ms/step) | rollout 0.9324 | in-range R2 0.9765 (t <= 2000) | survives t= 8899.6 [3394, 5602, 10000, 10000, 10000, 10000, 10000, 10000, 10000, 10000] | lowk g 0.80/1.00@1000 0.84/1.00@2000  (no gain 10/off)
epoch  49/60 | unroll  4 | train 0.00738 | val1 0.00003 | d/psi 0.0650 | lr 1.10e-04 | 30.0s (150 ms/step)
epoch  50/60 | unroll  4 | train 0.00618 | val1 0.00005 | d/psi 0.0651 | lr 9.17e-05 | 29.9s (149 ms/step) | rollout 0.9319 | in-range R2 0.9765 (t <= 2000) | survives t= 8897.1 [3388, 5583, 10000, 10000, 10000, 10000, 10000, 10000, 10000, 10000] | lowk g 0.80/1.00@1000 0.84/1.00@2000  (no gain 11/off)
epoch  51/60 | unroll  4 | train 0.00610 | val1 0.00023 | d/psi 0.0643 | lr 7.54e-05 | 29.9s (150 ms/step)
epoch  52/60 | unroll  4 | train 0.00690 | val1 0.00020 | d/psi 0.0649 | lr 6.07e-05 | 30.0s (150 ms/step) | rollout 0.9315 | in-range R2 0.9765 (t <= 2000) | survives t= 8896.6 [3383, 5584, 10000, 10000, 10000, 10000, 10000, 10000, 10000, 10000] | lowk g 0.80/1.00@1000 0.84/1.00@2000  (no gain 12/off)
epoch  53/60 | unroll  4 | train 0.00691 | val1 0.00033 | d/psi 0.0639 | lr 4.76e-05 | 30.0s (150 ms/step)
epoch  54/60 | unroll  4 | train 0.00661 | val1 0.00011 | d/psi 0.0656 | lr 3.62e-05 | 30.0s (150 ms/step) | rollout 0.9309 | in-range R2 0.9765 (t <= 2000) | survives t= 8894.1 [3374, 5570, 9996, 10000, 10000, 10000, 10000, 10000, 10000, 10000] | lowk g 0.80/1.00@1000 0.85/1.00@2000  (no gain 13/off)
epoch  55/60 | unroll  4 | train 0.00627 | val1 0.00004 | d/psi 0.0638 | lr 2.65e-05 | 30.1s (151 ms/step)
epoch  56/60 | unroll  4 | train 0.00628 | val1 0.00007 | d/psi 0.0641 | lr 1.85e-05 | 30.0s (150 ms/step) | rollout 0.9308 | in-range R2 0.9765 (t <= 2000) | survives t= 8891.9 [3378, 5564, 9977, 10000, 10000, 10000, 10000, 10000, 10000, 10000] | lowk g 0.80/1.00@1000 0.85/1.00@2000  (no gain 14/off)
epoch  57/60 | unroll  4 | train 0.00623 | val1 0.00009 | d/psi 0.0663 | lr 1.23e-05 | 30.0s (150 ms/step)
epoch  58/60 | unroll  4 | train 0.00689 | val1 0.00018 | d/psi 0.0647 | lr 7.80e-06 | 30.6s (153 ms/step) | rollout 0.9307 | in-range R2 0.9766 (t <= 2000) | survives t= 8889.7 [3378, 5561, 9959, 10000, 10000, 10000, 10000, 10000, 10000, 10000] | lowk g 0.80/1.00@1000 0.85/1.00@2000  (no gain 15/off)
epoch  59/60 | unroll  4 | train 0.00645 | val1 0.00027 | d/psi 0.0665 | lr 5.12e-06 | 30.2s (151 ms/step)
epoch  60/60 | unroll  4 | train 0.00584 | val1 0.00022 | d/psi 0.0647 | lr 4.23e-06 | 30.0s (150 ms/step) | rollout 0.9306 | in-range R2 0.9765 (t <= 2000) | survives t= 8889.0 [3376, 5565, 9949, 10000, 10000, 10000, 10000, 10000, 10000, 10000] | lowk g 0.80/1.00@1000 0.85/1.00@2000  (no gain 16/off)
[mem] peak allocated 8.52 GB
[done] selected epoch 28 (survives to t = 8911.5, in-range R2 0.9732) | total 0.52 h (1872s) | 17,901,252 parameters | saved to /iitjhome/m25ph1006/chc_uno_v1/Work/models/train_t1000_lap/uno_ch_best.pt

======================= PREDICTION =======================
==============================================================================
 UNO / Cahn-Hilliard -- PREDICTION   2026-10-07 22:49:15
==============================================================================
[setup] NVIDIA A100-SXM4-40GB, 42.4 GB, torch 2.13.0+cu126
[setup] device=cuda precision=fp32 dtype=torch.float32
[setup] label train_t1000_lap_pred_t10000: END = 1000, variant lap, t = 100 -> 10000, save_every 4
[setup] snapshots main [100.0, 500.0, 1000.0, 2000.0], long [2000.0, 4000.0, 6000.0, 8000.0, 10000.0], tune scores at [2500.0, 5000.0, 7500.0, 10000.0]
[gt] prewarm to t = 10000 in Work/gt_cache
[gt]   l=128 off=-0.4 ev=4: 60 trajectories, 0 solved, 60 cached
[gt]   l=128 off=-0.2 ev=4: 60 trajectories, 0 solved, 60 cached
[gt]   l=128 off=+0.0 ev=4: 60 trajectories, 0 solved, 60 cached
[gt]   l=128 off=+0.2 ev=4: 60 trajectories, 0 solved, 60 cached
[gt]   l=128 off=+0.4 ev=4: 60 trajectories, 0 solved, 60 cached
[gt]   l=160 off=+0.0 ev=4: 50 trajectories, 0 solved, 50 cached
[gt]   l=192 off=+0.0 ev=4: 50 trajectories, 0 solved, 50 cached
[gt]   l=256 off=+0.0 ev=4: 50 trajectories, 0 solved, 50 cached
[gt] 450 trajectories ready (0 solved now) in 0s
[model] Work/models/train_t1000_lap/uno_ch_best.pt  17,901,252 parameters  arch={'width': 40, 'modes': 20, 'n_ref': 64, 'levels': 3, 'cond_dim': 64, 'conserve_mass': True, 'laplacian_output': True}
[model] training metrics: {'select': 'survival', 'survives': 8911.46956541019, 'per_seed': [3413.9757353074915, 5700.719918794408, 10000.0, 10000.0, 10000.0, 10000.0, 10000.0, 10000.0, 10000.0, 10000.0], 'r2_in_range': 0.973192454844105, 'in_range_t1': 2000.0, 'rollout': 0.9315941397428512, 'epoch': 28, 'val1': 0.00011625408247953019}
[model] training data ends at t = 1000.0 (checkpoint)
[eval] offs=[-0.4, -0.2, 0.0, 0.2, 0.4]  50 test seeds=[99999, 54321, 77777, 31415, 27182, 61803, 41421, 57721, 66260, 86420, 20264, 22348, 22911, 27614, 27924, 28096, 29935, 31458, 32393, 33052, 33672, 34617, 35064, 35973, 36643, 36963, 39748, 42192, 43125, 48417, 51170, 52066, 54464, 58713, 60079, 63866, 67517, 68620, 70389, 76145, 76214, 77086, 84331, 85507, 88080, 88971, 92280, 94245, 98029, 98895]
[rollout] cache Work/rollout_cache/train_t1000_lap_pred_t10000  checkpoint 7a8a86a3a5ff

[tuning] stride schedule for psi0 = -0.4 on 10 validation seed(s) [31337, 24601, 8675309, 20250, 42424, 90210, 23571, 55555, 48151, 62831] (held out of the reported test set)
[tuning] score = mean R2 at t = 2500, 5000, 7500, 10000; a fixed grid, so schedules of different length stay comparable
    alpha  dt_max  steps     score  R2(2500)  R2(5000)  R2(7500) R2(10000)
    0.100    30.0    323    0.8517    0.9425    0.8880    0.8082    0.7680
    0.100    40.0    264    0.8472    0.9398    0.8843    0.8045    0.7601
    0.100    45.0    243    0.8018    0.9202    0.8486    0.7530    0.6853
    0.100    50.0    224    0.7629    0.9032    0.8242    0.7099    0.6142
    0.200    30.0    319    0.7972    0.9237    0.8491    0.7445    0.6713
    0.200    40.0    258    0.7401    0.9009    0.8038    0.6824    0.5733
    0.200    45.0    235    0.7740    0.9157    0.8221    0.7217    0.6366
    0.200    50.0    217    0.7314    0.8965    0.7967    0.6719    0.5603
    0.350    30.0    318    0.8035    0.9208    0.8614    0.7528    0.6789
    0.350    40.0    257    0.7792    0.9071    0.8413    0.7295    0.6390
    0.350    45.0    235    0.7363    0.8952    0.8146    0.6768    0.5588
    0.350    50.0    215    0.7202    0.8851    0.7937    0.6632    0.5387
    0.500    30.0    318    0.8035    0.9208    0.8614    0.7528    0.6789
    0.500    40.0    254    0.7417    0.8968    0.8134    0.6836    0.5730
    0.500    45.0    234    0.7186    0.8815    0.7850    0.6635    0.5445
    0.500    50.0    215    0.6977    0.8732    0.7702    0.6328    0.5145
    0.700    30.0    318    0.8035    0.9208    0.8614    0.7528    0.6789
    0.700    40.0    254    0.7417    0.8968    0.8134    0.6836    0.5730
    0.700    45.0    234    0.7186    0.8815    0.7850    0.6635    0.5445
    0.700    50.0    215    0.6977    0.8732    0.7702    0.6328    0.5145
  best: alpha=0.1, dt_max=30 (323 steps) -> score 0.8517
  [warn] alpha sits at the bottom of the grid
[schedule] psi0 = -0.4: alpha = 0.1, dt_max = 30  (tuned on 10 validation seeds)
[rollout] psi0m0.40: l=128 psi0=-0.4, 50 seeds, schedule psi0 = -0.4
[rollout] psi0m0.40: 10/50 seeds (320 steps each)
[rollout] psi0m0.40: 20/50 seeds (320 steps each)
[rollout] psi0m0.40: 30/50 seeds (320 steps each)
[rollout] psi0m0.40: 40/50 seeds (320 steps each)
[rollout] psi0m0.40: 50/50 seeds (320 steps each)

[tuning] stride schedule for psi0 = -0.2 on 10 validation seed(s) [31337, 24601, 8675309, 20250, 42424, 90210, 23571, 55555, 48151, 62831] (held out of the reported test set)
[tuning] score = mean R2 at t = 2500, 5000, 7500, 10000; a fixed grid, so schedules of different length stay comparable
    alpha  dt_max  steps     score  R2(2500)  R2(5000)  R2(7500) R2(10000)
    0.100    30.0    323    0.8954    0.9562    0.9214    0.8790    0.8250
    0.100    40.0    264    0.8954    0.9551    0.9195    0.8783    0.8287
    0.100    45.0    243    0.8957    0.9547    0.9185    0.8788    0.8310
    0.100    50.0    224    0.8967    0.9547    0.9182    0.8801    0.8337
    0.200    30.0    319    0.8666    0.9444    0.8937    0.8422    0.7860
    0.200    40.0    258    0.8663    0.9415    0.8902    0.8426    0.7907
    0.200    45.0    235    0.8619    0.9355    0.8856    0.8382    0.7883
    0.200    50.0    217    0.8609    0.9348    0.8845    0.8362    0.7880
    0.350    30.0    318    0.8905    0.9541    0.9167    0.8750    0.8162
    0.350    40.0    257    0.8415    0.9334    0.8724    0.8132    0.7470
    0.350    45.0    235    0.8343    0.9288    0.8644    0.8070    0.7370
    0.350    50.0    215    0.8113    0.9192    0.8440    0.7777    0.7042
    0.500    30.0    318    0.8905    0.9541    0.9167    0.8750    0.8162
    0.500    40.0    254    0.8799    0.9543    0.9072    0.8615    0.7964
    0.500    45.0    234    0.8257    0.9319    0.8568    0.7911    0.7230
    0.500    50.0    215    0.8282    0.9253    0.8440    0.7960    0.7475
    0.700    30.0    318    0.8905    0.9541    0.9167    0.8750    0.8162
    0.700    40.0    254    0.8799    0.9543    0.9072    0.8615    0.7964
    0.700    45.0    234    0.8257    0.9319    0.8568    0.7911    0.7230
    0.700    50.0    215    0.8282    0.9253    0.8440    0.7960    0.7475
  best: alpha=0.1, dt_max=50 (224 steps) -> score 0.8967
  [warn] dt_max sits at the top of the grid. Longer strides keep winning because they compound the per-step bias fewer times; do not widen the grid beyond the dt_max the model trained on or the step itself becomes an extrapolation.
  [warn] alpha sits at the bottom of the grid
[schedule] psi0 = -0.2: alpha = 0.1, dt_max = 50  (tuned on 10 validation seeds)
[rollout] psi0m0.20: l=128 psi0=-0.2, 50 seeds, schedule psi0 = -0.2
[rollout] psi0m0.20: 10/50 seeds (222 steps each)
[rollout] psi0m0.20: 20/50 seeds (222 steps each)
[rollout] psi0m0.20: 30/50 seeds (222 steps each)
[rollout] psi0m0.20: 40/50 seeds (222 steps each)
[rollout] psi0m0.20: 50/50 seeds (222 steps each)

[tuning] stride schedule for psi0 = +0.0 on 10 validation seed(s) [31337, 24601, 8675309, 20250, 42424, 90210, 23571, 55555, 48151, 62831] (held out of the reported test set)
[tuning] score = mean R2 at t = 2500, 5000, 7500, 10000; a fixed grid, so schedules of different length stay comparable
    alpha  dt_max  steps     score  R2(2500)  R2(5000)  R2(7500) R2(10000)
    0.100    30.0    323    0.9460    0.9729    0.9545    0.9406    0.9160
    0.100    40.0    264    0.9453    0.9714    0.9513    0.9380    0.9206
    0.100    45.0    243    0.9439    0.9706    0.9493    0.9356    0.9200
    0.100    50.0    224    0.9425    0.9702    0.9480    0.9333    0.9183
    0.200    30.0    319    0.9230    0.9539    0.9336    0.9134    0.8909
    0.200    40.0    258    0.9218    0.9524    0.9304    0.9107    0.8937
    0.200    45.0    235    0.8786    0.9351    0.8894    0.8585    0.8316
    0.200    50.0    217    0.8773    0.9344    0.8876    0.8567    0.8305
    0.350    30.0    318    0.8544    0.9010    0.8599    0.8428    0.8138
    0.350    40.0    257    0.8263    0.8833    0.8343    0.8077    0.7798
    0.350    45.0    235    0.8216    0.8812    0.8286    0.8010    0.7754
    0.350    50.0    215    0.8466    0.8943    0.8471    0.8308    0.8141
    0.500    30.0    318    0.8544    0.9010    0.8599    0.8428    0.8138
    0.500    40.0    254    0.8260    0.8828    0.8339    0.8075    0.7798
    0.500    45.0    234    0.7993    0.8606    0.8137    0.7796    0.7434
    0.500    50.0    215    0.7707    0.8456    0.7865    0.7452    0.7054
    0.700    30.0    318    0.8544    0.9010    0.8599    0.8428    0.8138
    0.700    40.0    254    0.8260    0.8828    0.8339    0.8075    0.7798
    0.700    45.0    234    0.7993    0.8606    0.8137    0.7796    0.7434
    0.700    50.0    215    0.7707    0.8456    0.7865    0.7452    0.7054
  best: alpha=0.1, dt_max=30 (323 steps) -> score 0.9460
  [warn] alpha sits at the bottom of the grid
[schedule] psi0 = +0.0: alpha = 0.1, dt_max = 30  (tuned on 10 validation seeds)
[rollout] psi0p0.00: l=128 psi0=+0.0, 50 seeds, schedule psi0 = +0.0
[rollout] psi0p0.00: 10/50 seeds (320 steps each)
[rollout] psi0p0.00: 20/50 seeds (320 steps each)
[rollout] psi0p0.00: 30/50 seeds (320 steps each)
[rollout] psi0p0.00: 40/50 seeds (320 steps each)
[rollout] psi0p0.00: 50/50 seeds (320 steps each)

[tuning] stride schedule for psi0 = +0.2 on 10 validation seed(s) [31337, 24601, 8675309, 20250, 42424, 90210, 23571, 55555, 48151, 62831] (held out of the reported test set)
[tuning] score = mean R2 at t = 2500, 5000, 7500, 10000; a fixed grid, so schedules of different length stay comparable
    alpha  dt_max  steps     score  R2(2500)  R2(5000)  R2(7500) R2(10000)
    0.100    30.0    323    0.9112    0.9700    0.9436    0.8950    0.8362
    0.100    40.0    264    0.9130    0.9694    0.9425    0.8969    0.8431
    0.100    45.0    243    0.9126    0.9688    0.9417    0.8958    0.8442
    0.100    50.0    224    0.9128    0.9685    0.9413    0.8960    0.8455
    0.200    30.0    319    0.8338    0.9244    0.8644    0.7977    0.7486
    0.200    40.0    258    0.8403    0.9124    0.8686    0.8108    0.7695
    0.200    45.0    235    0.8075    0.8906    0.8371    0.7727    0.7294
    0.200    50.0    217    0.8074    0.8906    0.8348    0.7734    0.7310
    0.350    30.0    318    0.7778    0.8870    0.8088    0.7290    0.6864
    0.350    40.0    257    0.7741    0.8795    0.8042    0.7278    0.6851
    0.350    45.0    235    0.7726    0.8753    0.8014    0.7278    0.6859
    0.350    50.0    215    0.7730    0.8763    0.8011    0.7283    0.6865
    0.500    30.0    318    0.7778    0.8870    0.8088    0.7290    0.6864
    0.500    40.0    254    0.7759    0.8810    0.8049    0.7292    0.6883
    0.500    45.0    234    0.8001    0.8991    0.8281    0.7571    0.7161
    0.500    50.0    215    0.8002    0.8995    0.8272    0.7570    0.7169
    0.700    30.0    318    0.7778    0.8870    0.8088    0.7290    0.6864
    0.700    40.0    254    0.7759    0.8810    0.8049    0.7292    0.6883
    0.700    45.0    234    0.8001    0.8991    0.8281    0.7571    0.7161
    0.700    50.0    215    0.8002    0.8995    0.8272    0.7570    0.7169
  best: alpha=0.1, dt_max=40 (264 steps) -> score 0.9130
  [warn] alpha sits at the bottom of the grid
[schedule] psi0 = +0.2: alpha = 0.1, dt_max = 40  (tuned on 10 validation seeds)
[rollout] psi0p0.20: l=128 psi0=+0.2, 50 seeds, schedule psi0 = +0.2
[rollout] psi0p0.20: 10/50 seeds (261 steps each)
[rollout] psi0p0.20: 20/50 seeds (261 steps each)
[rollout] psi0p0.20: 30/50 seeds (261 steps each)
[rollout] psi0p0.20: 40/50 seeds (261 steps each)
[rollout] psi0p0.20: 50/50 seeds (261 steps each)

[tuning] stride schedule for psi0 = +0.4 on 10 validation seed(s) [31337, 24601, 8675309, 20250, 42424, 90210, 23571, 55555, 48151, 62831] (held out of the reported test set)
[tuning] score = mean R2 at t = 2500, 5000, 7500, 10000; a fixed grid, so schedules of different length stay comparable
    alpha  dt_max  steps     score  R2(2500)  R2(5000)  R2(7500) R2(10000)
    0.100    30.0    323    0.8660    0.9491    0.8784    0.8314    0.8051
    0.100    40.0    264    0.8641    0.9478    0.8742    0.8273    0.8070
    0.100    45.0    243    0.8636    0.9474    0.8732    0.8254    0.8085
    0.100    50.0    224    0.8587    0.9464    0.8691    0.8196    0.7996
    0.200    30.0    319    0.8636    0.9457    0.8730    0.8258    0.8099
    0.200    40.0    258    0.8233    0.9282    0.8306    0.7769    0.7575
    0.200    45.0    235    0.8197    0.9274    0.8271    0.7717    0.7525
    0.200    50.0    217    0.8181    0.9267    0.8260    0.7675    0.7524
    0.350    30.0    318    0.8330    0.9324    0.8509    0.7845    0.7641
    0.350    40.0    257    0.8185    0.9275    0.8349    0.7736    0.7380
    0.350    45.0    235    0.8184    0.9271    0.8311    0.7723    0.7434
    0.350    50.0    215    0.8142    0.9257    0.8212    0.7654    0.7445
    0.500    30.0    318    0.8330    0.9324    0.8509    0.7845    0.7641
    0.500    40.0    254    0.8197    0.9280    0.8373    0.7731    0.7405
    0.500    45.0    234    0.8161    0.9253    0.8319    0.7698    0.7376
    0.500    50.0    215    0.8029    0.9216    0.8218    0.7503    0.7180
    0.700    30.0    318    0.8330    0.9324    0.8509    0.7845    0.7641
    0.700    40.0    254    0.8197    0.9280    0.8373    0.7731    0.7405
    0.700    45.0    234    0.8161    0.9253    0.8319    0.7698    0.7376
    0.700    50.0    215    0.8029    0.9216    0.8218    0.7503    0.7180
  best: alpha=0.1, dt_max=30 (323 steps) -> score 0.8660
  [warn] alpha sits at the bottom of the grid
[schedule] psi0 = +0.4: alpha = 0.1, dt_max = 30  (tuned on 10 validation seeds)
[rollout] psi0p0.40: l=128 psi0=+0.4, 50 seeds, schedule psi0 = +0.4
[rollout] psi0p0.40: 10/50 seeds (320 steps each)
[rollout] psi0p0.40: 20/50 seeds (320 steps each)
[rollout] psi0p0.40: 30/50 seeds (320 steps each)
[rollout] psi0p0.40: 40/50 seeds (320 steps each)
[rollout] psi0p0.40: 50/50 seeds (320 steps each)
[rollout] l160: l=160 psi0=+0.0, 50 seeds, schedule psi0 = +0.0
[rollout] l160: 6/50 seeds (320 steps each)
[rollout] l160: 12/50 seeds (320 steps each)
[rollout] l160: 18/50 seeds (320 steps each)
[rollout] l160: 24/50 seeds (320 steps each)
[rollout] l160: 30/50 seeds (320 steps each)
[rollout] l160: 36/50 seeds (320 steps each)
[rollout] l160: 42/50 seeds (320 steps each)
[rollout] l160: 48/50 seeds (320 steps each)
[rollout] l160: 50/50 seeds (320 steps each)
[rollout] l192: l=192 psi0=+0.0, 50 seeds, schedule psi0 = +0.0
[rollout] l192: 4/50 seeds (320 steps each)
[rollout] l192: 8/50 seeds (320 steps each)
[rollout] l192: 12/50 seeds (320 steps each)
[rollout] l192: 16/50 seeds (320 steps each)
[rollout] l192: 20/50 seeds (320 steps each)
[rollout] l192: 24/50 seeds (320 steps each)
[rollout] l192: 28/50 seeds (320 steps each)
[rollout] l192: 32/50 seeds (320 steps each)
[rollout] l192: 36/50 seeds (320 steps each)
[rollout] l192: 40/50 seeds (320 steps each)
[rollout] l192: 44/50 seeds (320 steps each)
[rollout] l192: 48/50 seeds (320 steps each)
[rollout] l192: 50/50 seeds (320 steps each)
[rollout] l256: l=256 psi0=+0.0, 50 seeds, schedule psi0 = +0.0
[rollout] l256: 2/50 seeds (320 steps each)
[rollout] l256: 4/50 seeds (320 steps each)
[rollout] l256: 6/50 seeds (320 steps each)
[rollout] l256: 8/50 seeds (320 steps each)
[rollout] l256: 10/50 seeds (320 steps each)
[rollout] l256: 12/50 seeds (320 steps each)
[rollout] l256: 14/50 seeds (320 steps each)
[rollout] l256: 16/50 seeds (320 steps each)
[rollout] l256: 18/50 seeds (320 steps each)
[rollout] l256: 20/50 seeds (320 steps each)
[rollout] l256: 22/50 seeds (320 steps each)
[rollout] l256: 24/50 seeds (320 steps each)
[rollout] l256: 26/50 seeds (320 steps each)
[rollout] l256: 28/50 seeds (320 steps each)
[rollout] l256: 30/50 seeds (320 steps each)
[rollout] l256: 32/50 seeds (320 steps each)
[rollout] l256: 34/50 seeds (320 steps each)
[rollout] l256: 36/50 seeds (320 steps each)
[rollout] l256: 38/50 seeds (320 steps each)
[rollout] l256: 40/50 seeds (320 steps each)
[rollout] l256: 42/50 seeds (320 steps each)
[rollout] l256: 44/50 seeds (320 steps each)
[rollout] l256: 46/50 seeds (320 steps each)
[rollout] l256: 48/50 seeds (320 steps each)
[rollout] l256: 50/50 seeds (320 steps each)

[summary] train_t1000_lap_pred_t10000: l = 128 (+ boxes), t = 100 -> 10000
        case  alpha  dt_max  steps            mean R2           final R2     R2 >= thr to t n never   n_pred
   psi0m0.40   0.10    30.0    320    0.8683 +-0.1041    0.7629 +-0.2075        7276 +-2950  24/50    0.3180
   psi0m0.20   0.10    50.0    222    0.8902 +-0.1018    0.7949 +-0.1896        8243 +-2755  29/50    0.2872
   psi0p0.00   0.10    30.0    320    0.9613 +-0.0458    0.9033 +-0.0879        9721 +-1132  45/50    0.3477
   psi0p0.20   0.10    40.0    261    0.8501 +-0.1169    0.7063 +-0.2106        6873 +-3194  18/50    0.2877
   psi0p0.40   0.10    30.0    320    0.8784 +-0.0801    0.7911 +-0.1559        7243 +-2797  21/50    0.3105
        l160   0.10    30.0    320    0.9297 +-0.0629    0.8209 +-0.1185        9300 +-1586  37/50    0.3595
        l192   0.10    30.0    320    0.9305 +-0.0627    0.8329 +-0.1018        9222 +-1784  37/50    0.3777
        l256   0.10    30.0    320    0.9323 +-0.0383    0.8325 +-0.0653        9542 +-1107  38/50    0.3707
  best psi0p0.00 (mean R2 0.9613), worst psi0p0.20 (mean R2 0.8501)
[diagnostic] reference trajectory gt_l128_off+0.0_seed31337_t100-10000_ev4.npz

[diagnostic] 64 -> 128 TRANSFER
  tile invariance |model(tile) - tile(model)| = 4.644e-06   PASS
  one-step R^2 at l=128 (training only ever saw t <= 999)
         t0     dt     UNO R2  persistence      gain
        100    4.0    0.99999      0.99721  +0.00278
        100   20.0    0.99961      0.94469  +0.05493
        100   40.0    0.99758      0.83902  +0.15856
       1000    4.0    1.00000      0.99997  +0.00003   <- extrapolated in t
       1000   20.0    0.99999      0.99920  +0.00079   <- extrapolated in t
       1000   40.0    0.99997      0.99686  +0.00312   <- extrapolated in t
       1900    4.0    1.00000      0.99999  +0.00001   <- extrapolated in t
       1900   20.0    1.00000      0.99965  +0.00035   <- extrapolated in t
       1900   40.0    0.99998      0.99861  +0.00137   <- extrapolated in t
       2731    4.0    1.00000      0.99999  +0.00001   <- extrapolated in t
       2731   20.0    1.00000      0.99981  +0.00019   <- extrapolated in t
       2731   40.0    0.99998      0.99926  +0.00072   <- extrapolated in t
       3730    8.0    1.00000      0.99999  +0.00001   <- extrapolated in t
       3730   20.0    1.00000      0.99992  +0.00008   <- extrapolated in t
       3730   40.0    0.99998      0.99968  +0.00030   <- extrapolated in t
       5094    8.0    1.00000      0.99999  +0.00001   <- extrapolated in t
       5094   20.0    1.00000      0.99996  +0.00004   <- extrapolated in t
       5094   40.0    0.99997      0.99982  +0.00015   <- extrapolated in t
       6956    4.0    1.00000      1.00000  +0.00000   <- extrapolated in t
       6956   20.0    1.00000      0.99996  +0.00004   <- extrapolated in t
       6956   40.0    0.99997      0.99983  +0.00014   <- extrapolated in t
       9500    4.0    1.00000      1.00000  +0.00000   <- extrapolated in t
       9500   20.0    1.00000      0.99998  +0.00002   <- extrapolated in t
       9500   40.0    0.99997      0.99992  +0.00005   <- extrapolated in t

[diagnostic] INTRINSIC PREDICTABILITY (exact solver)
   rel. perturb   R2(t=2500)   R2(t=5000)  R2(t=10000)
        1.0e-04      1.00000      1.00000      1.00000
        1.0e-03      1.00000      1.00000      1.00000
        1.0e-02      0.99998      0.99999      0.99999

[diagnostic] PER-STEP COARSENING BIAS (continuous 'moment' estimator)
  training data ends at t = 1000 (checkpoint)
        t    dt   L_truth   dL_truth   dL_model   bias %  in train range
      100    20     13.95     0.8093     0.7924     -2.1  yes
      150    20     15.67     0.5438     0.5269     -3.1  yes
      200    20     16.95     0.4068     0.3927     -3.5  yes
      300    20     18.76     0.3146     0.3028     -3.7  yes
      400    20     20.24     0.2784     0.2668     -4.2  yes
      600    20     22.94     0.2594     0.2480     -4.4  yes
      800    20     25.19     0.2019     0.1916     -5.1  yes
     1100    20     27.74     0.1484     0.1400     -5.7  NO -- extrapolated
     1400    20     29.98     0.1612     0.1509     -6.4  NO -- extrapolated
     1700    20     32.02     0.1125     0.1048     -6.9  NO -- extrapolated
     1900    20     33.14     0.1120     0.1041     -7.0  NO -- extrapolated
     2731    28     37.14     0.0989     0.0914     -7.5  NO -- extrapolated
     3730    40     39.84     0.0806     0.0738     -8.4  NO -- extrapolated
     5094    52     42.07     0.0780     0.0677    -13.2  NO -- extrapolated
     6956    48     45.06     0.0776     0.0628    -19.0  NO -- extrapolated
     9500    48     48.26     0.0385     0.0256    -33.4  NO -- extrapolated
  mean bias inside  training range (7 pts): -3.7 %
  mean bias outside training range (9 pts): -11.9 %

[diagnostic] LOW-k INCREMENT GAIN (teacher-forced, per shell)
  psi0 = +0.0, l = 128, 10 seed(s), dt = 48; below = the 8 modes |n| = 1, sqrt2 (k < the training box's 2 pi/64), first = |n| in [2, 2.9], mid = [3, 8], high = rest
       t0    below    first      mid     high
      500    0.732    0.938    0.971    0.972
     1000    0.744    0.947    0.965    0.993
     2000    0.773    0.951    0.973    1.029
     5000    0.886    0.920    1.156    1.259

[diagnostic] SPEEDUP vs the explicit solver
  solver: 990,000 explicit steps of dt=0.01 -> 236.2s per trajectory (one at a time, measured on 2000 steps)
  UNO:    320 autoregressive steps -> 2.940s per trajectory (one at a time)
                                      0.362s per trajectory (amortised over a batch of 10)
  speedup 80x like-for-like, 652x batched (3094x fewer steps)
  quote the like-for-like number: the solver probe is unbatched too. Both compare against the explicit dt=0.01 scheme, not a semi-implicit spectral solver, which would need far fewer steps.

[results] wrote Work/predict/train_t1000_lap_pred_t10000/results.json

[draw] train_t1000_lap_pred_t10000 -> Results/train_t1000_lap_pred_t10000
[draw]   psi0m0.40: R2(10000) = 0.7629 +- 0.2075, best seed 58713
[draw]   psi0m0.20: R2(10000) = 0.7949 +- 0.1896, best seed 70389
[draw]   psi0p0.00: R2(10000) = 0.9033 +- 0.0879, best seed 48417
[draw]   psi0p0.20: R2(10000) = 0.7063 +- 0.2106, best seed 70389
[draw]   psi0p0.40: R2(10000) = 0.7911 +- 0.1559, best seed 99999
[draw]   l160: R2(10000) = 0.8209 +- 0.1185, best seed 34617
[draw]   l192: R2(10000) = 0.8329 +- 0.1018, best seed 34617
[draw]   l256: R2(10000) = 0.8325 +- 0.0653, best seed 88080
[draw] comparison.png: 6 runs
[draw] done: 1 run folder(s) drawn, README.md lists 6 run(s) in Results/

[done] total 1955.5s | 17,901,252 parameters | report -> Results/train_t1000_lap_pred_t10000

======================= SUBMISSION =======================
[draw] train_t0300_pred_t10000 -> Results/train_t0300_pred_t10000
[draw]   psi0m0.40: R2(10000) = 0.2073 +- 0.2815, best seed 54464
[draw]   psi0m0.20: R2(10000) = 0.1841 +- 0.3190, best seed 61803
[draw]   psi0p0.00: R2(10000) = 0.6229 +- 0.2201, best seed 36963
[draw]   psi0p0.20: R2(10000) = 0.2094 +- 0.2837, best seed 92280
[draw]   psi0p0.40: R2(10000) = 0.1127 +- 0.2972, best seed 99999
[draw]   l160: R2(10000) = 0.5719 +- 0.1739, best seed 22911
[draw]   l192: R2(10000) = 0.4997 +- 0.1775, best seed 51170
[draw]   l256: R2(10000) = 0.4714 +- 0.0932, best seed 57721
[draw] train_t0300_lap_pred_t10000 -> Results/train_t0300_lap_pred_t10000
[draw]   psi0m0.40: R2(10000) = 0.4894 +- 0.2313, best seed 48417
[draw]   psi0m0.20: R2(10000) = 0.5198 +- 0.2037, best seed 99999
[draw]   psi0p0.00: R2(10000) = 0.7702 +- 0.1235, best seed 85507
[draw]   psi0p0.20: R2(10000) = 0.5142 +- 0.2169, best seed 33052
[draw]   psi0p0.40: R2(10000) = 0.5312 +- 0.2289, best seed 35064
[draw]   l160: R2(10000) = 0.8155 +- 0.1277, best seed 34617
[draw]   l192: R2(10000) = 0.7646 +- 0.1314, best seed 28096
[draw]   l256: R2(10000) = 0.8076 +- 0.0518, best seed 31458
[draw] train_t0500_pred_t10000 -> Results/train_t0500_pred_t10000
[draw]   psi0m0.40: R2(10000) = -0.1522 +- 0.3170, best seed 31458
[draw]   psi0m0.20: R2(10000) = -0.4114 +- 0.2659, best seed 68620
[draw]   psi0p0.00: R2(10000) = 0.1759 +- 0.2574, best seed 48417
[draw]   psi0p0.20: R2(10000) = -0.3787 +- 0.2474, best seed 52066
[draw]   psi0p0.40: R2(10000) = -0.4941 +- 0.3616, best seed 99999
[draw]   l160: R2(10000) = 0.1371 +- 0.1798, best seed 57721
[draw]   l192: R2(10000) = 0.1063 +- 0.1874, best seed 84331
[draw]   l256: R2(10000) = 0.0629 +- 0.1336, best seed 98895
[draw] train_t0500_lap_pred_t10000 -> Results/train_t0500_lap_pred_t10000
[draw]   psi0m0.40: R2(10000) = 0.6588 +- 0.1970, best seed 98895
[draw]   psi0m0.20: R2(10000) = 0.6797 +- 0.1978, best seed 99999
[draw]   psi0p0.00: R2(10000) = 0.8279 +- 0.1185, best seed 48417
[draw]   psi0p0.20: R2(10000) = 0.6691 +- 0.2580, best seed 92280
[draw]   psi0p0.40: R2(10000) = 0.6882 +- 0.2065, best seed 35064
[draw]   l160: R2(10000) = 0.8204 +- 0.0902, best seed 34617
[draw]   l192: R2(10000) = 0.7640 +- 0.1156, best seed 76214
[draw]   l256: R2(10000) = 0.7898 +- 0.0674, best seed 31415
[draw] train_t1000_pred_t10000 -> Results/train_t1000_pred_t10000
[draw]   psi0m0.40: R2(10000) = -0.5367 +- 0.2839, best seed 31458
[draw]   psi0m0.20: R2(10000) = -0.5926 +- 0.2428, best seed 27924
[draw]   psi0p0.00: R2(10000) = 0.0100 +- 0.2564, best seed 48417
[draw]   psi0p0.20: R2(10000) = -0.5147 +- 0.2186, best seed 29935
[draw]   psi0p0.40: R2(10000) = -0.6543 +- 0.2716, best seed 28096
[draw]   l160: R2(10000) = -0.0034 +- 0.1788, best seed 84331
[draw]   l192: R2(10000) = -0.0363 +- 0.1794, best seed 43125
[draw]   l256: R2(10000) = -0.0867 +- 0.1445, best seed 29935
[draw] train_t1000_lap_pred_t10000 -> Results/train_t1000_lap_pred_t10000
[draw]   psi0m0.40: R2(10000) = 0.7629 +- 0.2075, best seed 58713
[draw]   psi0m0.20: R2(10000) = 0.7949 +- 0.1896, best seed 70389
[draw]   psi0p0.00: R2(10000) = 0.9033 +- 0.0879, best seed 48417
[draw]   psi0p0.20: R2(10000) = 0.7063 +- 0.2106, best seed 70389
[draw]   psi0p0.40: R2(10000) = 0.7911 +- 0.1559, best seed 99999
[draw]   l160: R2(10000) = 0.8209 +- 0.1185, best seed 34617
[draw]   l192: R2(10000) = 0.8329 +- 0.1018, best seed 34617
[draw]   l256: R2(10000) = 0.8325 +- 0.0653, best seed 88080
[draw] comparison.png: 6 runs
[draw] done: 6 run folder(s) drawn, README.md lists 6 run(s) in Results/

Job finished at Wed Oct  7 23:29:38 IST 2026
